Archive member included to satisfy reference by file (symbol)

D:/APP/STM32 CubeIDE/STM32 CUBEIDE/STM32CubeIDE_1.14.0/STM32CubeIDE/plugins/com.st.stm32cube.ide.mcu.externaltools.gnu-tools-for-stm32.11.3.rel1.win32_1.1.100.202309141235/tools/bin/../lib/gcc/arm-none-eabi/11.3.1/../../../../arm-none-eabi/lib/thumb/v7-m/nofp\libc_nano.a(libc_a-exit.o)
                              D:/APP/STM32 CubeIDE/STM32 CUBEIDE/STM32CubeIDE_1.14.0/STM32CubeIDE/plugins/com.st.stm32cube.ide.mcu.externaltools.gnu-tools-for-stm32.11.3.rel1.win32_1.1.100.202309141235/tools/bin/../lib/gcc/arm-none-eabi/11.3.1/../../../../arm-none-eabi/lib/thumb/v7-m/nofp/crt0.o (exit)
D:/APP/STM32 CubeIDE/STM32 CUBEIDE/STM32CubeIDE_1.14.0/STM32CubeIDE/plugins/com.st.stm32cube.ide.mcu.externaltools.gnu-tools-for-stm32.11.3.rel1.win32_1.1.100.202309141235/tools/bin/../lib/gcc/arm-none-eabi/11.3.1/../../../../arm-none-eabi/lib/thumb/v7-m/nofp\libc_nano.a(libc_a-findfp.o)
                              D:/APP/STM32 CubeIDE/STM32 CUBEIDE/STM32CubeIDE_1.14.0/STM32CubeIDE/plugins/com.st.stm32cube.ide.mcu.externaltools.gnu-tools-for-stm32.11.3.rel1.win32_1.1.100.202309141235/tools/bin/../lib/gcc/arm-none-eabi/11.3.1/../../../../arm-none-eabi/lib/thumb/v7-m/nofp\libc_nano.a(libc_a-exit.o) (__stdio_exit_handler)
D:/APP/STM32 CubeIDE/STM32 CUBEIDE/STM32CubeIDE_1.14.0/STM32CubeIDE/plugins/com.st.stm32cube.ide.mcu.externaltools.gnu-tools-for-stm32.11.3.rel1.win32_1.1.100.202309141235/tools/bin/../lib/gcc/arm-none-eabi/11.3.1/../../../../arm-none-eabi/lib/thumb/v7-m/nofp\libc_nano.a(libc_a-fwalk.o)
                              D:/APP/STM32 CubeIDE/STM32 CUBEIDE/STM32CubeIDE_1.14.0/STM32CubeIDE/plugins/com.st.stm32cube.ide.mcu.externaltools.gnu-tools-for-stm32.11.3.rel1.win32_1.1.100.202309141235/tools/bin/../lib/gcc/arm-none-eabi/11.3.1/../../../../arm-none-eabi/lib/thumb/v7-m/nofp\libc_nano.a(libc_a-findfp.o) (_fwalk_sglue)
D:/APP/STM32 CubeIDE/STM32 CUBEIDE/STM32CubeIDE_1.14.0/STM32CubeIDE/plugins/com.st.stm32cube.ide.mcu.externaltools.gnu-tools-for-stm32.11.3.rel1.win32_1.1.100.202309141235/tools/bin/../lib/gcc/arm-none-eabi/11.3.1/../../../../arm-none-eabi/lib/thumb/v7-m/nofp\libc_nano.a(libc_a-sprintf.o)
                              ./Core/Src/main.o (sprintf)
D:/APP/STM32 CubeIDE/STM32 CUBEIDE/STM32CubeIDE_1.14.0/STM32CubeIDE/plugins/com.st.stm32cube.ide.mcu.externaltools.gnu-tools-for-stm32.11.3.rel1.win32_1.1.100.202309141235/tools/bin/../lib/gcc/arm-none-eabi/11.3.1/../../../../arm-none-eabi/lib/thumb/v7-m/nofp\libc_nano.a(libc_a-stdio.o)
                              D:/APP/STM32 CubeIDE/STM32 CUBEIDE/STM32CubeIDE_1.14.0/STM32CubeIDE/plugins/com.st.stm32cube.ide.mcu.externaltools.gnu-tools-for-stm32.11.3.rel1.win32_1.1.100.202309141235/tools/bin/../lib/gcc/arm-none-eabi/11.3.1/../../../../arm-none-eabi/lib/thumb/v7-m/nofp\libc_nano.a(libc_a-findfp.o) (__sread)
D:/APP/STM32 CubeIDE/STM32 CUBEIDE/STM32CubeIDE_1.14.0/STM32CubeIDE/plugins/com.st.stm32cube.ide.mcu.externaltools.gnu-tools-for-stm32.11.3.rel1.win32_1.1.100.202309141235/tools/bin/../lib/gcc/arm-none-eabi/11.3.1/../../../../arm-none-eabi/lib/thumb/v7-m/nofp\libc_nano.a(libc_a-memset.o)
                              D:/APP/STM32 CubeIDE/STM32 CUBEIDE/STM32CubeIDE_1.14.0/STM32CubeIDE/plugins/com.st.stm32cube.ide.mcu.externaltools.gnu-tools-for-stm32.11.3.rel1.win32_1.1.100.202309141235/tools/bin/../lib/gcc/arm-none-eabi/11.3.1/../../../../arm-none-eabi/lib/thumb/v7-m/nofp/crt0.o (memset)
D:/APP/STM32 CubeIDE/STM32 CUBEIDE/STM32CubeIDE_1.14.0/STM32CubeIDE/plugins/com.st.stm32cube.ide.mcu.externaltools.gnu-tools-for-stm32.11.3.rel1.win32_1.1.100.202309141235/tools/bin/../lib/gcc/arm-none-eabi/11.3.1/../../../../arm-none-eabi/lib/thumb/v7-m/nofp\libc_nano.a(libc_a-closer.o)
                              D:/APP/STM32 CubeIDE/STM32 CUBEIDE/STM32CubeIDE_1.14.0/STM32CubeIDE/plugins/com.st.stm32cube.ide.mcu.externaltools.gnu-tools-for-stm32.11.3.rel1.win32_1.1.100.202309141235/tools/bin/../lib/gcc/arm-none-eabi/11.3.1/../../../../arm-none-eabi/lib/thumb/v7-m/nofp\libc_nano.a(libc_a-stdio.o) (_close_r)
D:/APP/STM32 CubeIDE/STM32 CUBEIDE/STM32CubeIDE_1.14.0/STM32CubeIDE/plugins/com.st.stm32cube.ide.mcu.externaltools.gnu-tools-for-stm32.11.3.rel1.win32_1.1.100.202309141235/tools/bin/../lib/gcc/arm-none-eabi/11.3.1/../../../../arm-none-eabi/lib/thumb/v7-m/nofp\libc_nano.a(libc_a-reent.o)
                              D:/APP/STM32 CubeIDE/STM32 CUBEIDE/STM32CubeIDE_1.14.0/STM32CubeIDE/plugins/com.st.stm32cube.ide.mcu.externaltools.gnu-tools-for-stm32.11.3.rel1.win32_1.1.100.202309141235/tools/bin/../lib/gcc/arm-none-eabi/11.3.1/../../../../arm-none-eabi/lib/thumb/v7-m/nofp\libc_nano.a(libc_a-closer.o) (errno)
D:/APP/STM32 CubeIDE/STM32 CUBEIDE/STM32CubeIDE_1.14.0/STM32CubeIDE/plugins/com.st.stm32cube.ide.mcu.externaltools.gnu-tools-for-stm32.11.3.rel1.win32_1.1.100.202309141235/tools/bin/../lib/gcc/arm-none-eabi/11.3.1/../../../../arm-none-eabi/lib/thumb/v7-m/nofp\libc_nano.a(libc_a-impure.o)
[...]
Memory Configuration

Name             Origin             Length             Attributes
RAM              0x0000000020000000 0x0000000000005000 xrw
FLASH            0x0000000008000000 0x0000000000010000 xr
*default*        0x0000000000000000 0xffffffffffffffff

Linker script and memory map

LOAD D:/APP/STM32 CubeIDE/STM32 CUBEIDE/STM32CubeIDE_1.14.0/STM32CubeIDE/plugins/com.st.stm32cube.ide.mcu.externaltools.gnu-tools-for-stm32.11.3.rel1.win32_1.1.100.202309141235/tools/bin/../lib/gcc/arm-none-eabi/11.3.1/thumb/v7-m/nofp/crti.o
LOAD D:/APP/STM32 CubeIDE/STM32 CUBEIDE/STM32CubeIDE_1.14.0/STM32CubeIDE/plugins/com.st.stm32cube.ide.mcu.externaltools.gnu-tools-for-stm32.11.3.rel1.win32_1.1.100.202309141235/tools/bin/../lib/gcc/arm-none-eabi/11.3.1/thumb/v7-m/nofp/crtbegin.o
LOAD D:/APP/STM32 CubeIDE/STM32 CUBEIDE/STM32CubeIDE_1.14.0/STM32CubeIDE/plugins/com.st.stm32cube.ide.mcu.externaltools.gnu-tools-for-stm32.11.3.rel1.win32_1.1.100.202309141235/tools/bin/../lib/gcc/arm-none-eabi/11.3.1/../../../../arm-none-eabi/lib/thumb/v7-m/nofp/crt0.o
LOAD ./Core/Src/IMU.o
LOAD ./Core/Src/main.o
LOAD ./Core/Src/stm32f1xx_hal_msp.o
LOAD ./Core/Src/stm32f1xx_it.o
LOAD ./Core/Src/syscalls.o
LOAD ./Core/Src/sysmem.o
LOAD ./Core/Src/system_stm32f1xx.o
LOAD ./Core/Startup/startup_stm32f103c8tx.o
LOAD ./Drivers/STM32F1xx_HAL_Driver/Src/stm32f1xx_hal.o
LOAD ./Drivers/STM32F1xx_HAL_Driver/Src/stm32f1xx_hal_cortex.o
LOAD ./Drivers/STM32F1xx_HAL_Driver/Src/stm32f1xx_hal_dma.o
LOAD ./Drivers/STM32F1xx_HAL_Driver/Src/stm32f1xx_hal_exti.o
LOAD ./Drivers/STM32F1xx_HAL_Driver/Src/stm32f1xx_hal_flash.o
LOAD ./Drivers/STM32F1xx_HAL_Driver/Src/stm32f1xx_hal_flash_ex.o
LOAD ./Drivers/STM32F1xx_HAL_Driver/Src/stm32f1xx_hal_gpio.o
LOAD ./Drivers/STM32F1xx_HAL_Driver/Src/stm32f1xx_hal_gpio_ex.o
LOAD ./Drivers/STM32F1xx_HAL_Driver/Src/stm32f1xx_hal_i2c.o
LOAD ./Drivers/STM32F1xx_HAL_Driver/Src/stm32f1xx_hal_pwr.o
LOAD ./Drivers/STM32F1xx_HAL_Driver/Src/stm32f1xx_hal_rcc.o
LOAD ./Drivers/STM32F1xx_HAL_Driver/Src/stm32f1xx_hal_rcc_ex.o
LOAD ./Drivers/STM32F1xx_HAL_Driver/Src/stm32f1xx_hal_tim.o
LOAD ./Drivers/STM32F1xx_HAL_Driver/Src/stm32f1xx_hal_tim_ex.o
LOAD ./Drivers/STM32F1xx_HAL_Driver/Src/stm32f1xx_hal_uart.o
START GROUP
LOAD D:/APP/STM32 CubeIDE/STM32 CUBEIDE/STM32CubeIDE_1.14.0/STM32CubeIDE/plugins/com.st.stm32cube.ide.mcu.externaltools.gnu-tools-for-stm32.11.3.rel1.win32_1.1.100.202309141235/tools/bin/../lib/gcc/arm-none-eabi/11.3.1/../../../../arm-none-eabi/lib/thumb/v7-m/nofp\libc_nano.a
LOAD D:/APP/STM32 CubeIDE/STM32 CUBEIDE/STM32CubeIDE_1.14.0/STM32CubeIDE/plugins/com.st.stm32cube.ide.mcu.externaltools.gnu-tools-for-stm32.11.3.rel1.win32_1.1.100.202309141235/tools/bin/../lib/gcc/arm-none-eabi/11.3.1/../../../../arm-none-eabi/lib/thumb/v7-m/nofp\libm.a
END GROUP
START GROUP
LOAD D:/APP/STM32 CubeIDE/STM32 CUBEIDE/STM32CubeIDE_1.14.0/STM32CubeIDE/plugins/com.st.stm32cube.ide.mcu.externaltools.gnu-tools-for-stm32.11.3.rel1.win32_1.1.100.202309141235/tools/bin/../lib/gcc/arm-none-eabi/11.3.1/thumb/v7-m/nofp\libgcc.a
LOAD D:/APP/STM32 CubeIDE/STM32 CUBEIDE/STM32CubeIDE_1.14.0/STM32CubeIDE/plugins/com.st.stm32cube.ide.mcu.externaltools.gnu-tools-for-stm32.11.3.rel1.win32_1.1.100.202309141235/tools/bin/../lib/gcc/arm-none-eabi/11.3.1/../../../../arm-none-eabi/lib/thumb/v7-m/nofp\libc_nano.a
END GROUP
START GROUP
LOAD D:/APP/STM32 CubeIDE/STM32 CUBEIDE/STM32CubeIDE_1.14.0/STM32CubeIDE/plugins/com.st.stm32cube.ide.mcu.externaltools.gnu-tools-for-stm32.11.3.rel1.win32_1.1.100.202309141235/tools/bin/../lib/gcc/arm-none-eabi/11.3.1/thumb/v7-m/nofp\libgcc.a
LOAD D:/APP/STM32 CubeIDE/STM32 CUBEIDE/STM32CubeIDE_1.14.0/STM32CubeIDE/plugins/com.st.stm32cube.ide.mcu.externaltools.gnu-tools-for-stm32.11.3.rel1.win32_1.1.100.202309141235/tools/bin/../lib/gcc/arm-none-eabi/11.3.1/../../../../arm-none-eabi/lib/thumb/v7-m/nofp\libc_nano.a
LOAD D:/APP/STM32 CubeIDE/STM32 CUBEIDE/STM32CubeIDE_1.14.0/STM32CubeIDE/plugins/com.st.stm32cube.ide.mcu.externaltools.gnu-tools-for-stm32.11.3.rel1.win32_1.1.100.202309141235/tools/bin/../lib/gcc/arm-none-eabi/11.3.1/../../../../arm-none-eabi/lib/thumb/v7-m/nofp\libnosys.a
END GROUP
START GROUP
LOAD D:/APP/STM32 CubeIDE/STM32 CUBEIDE/STM32CubeIDE_1.14.0/STM32CubeIDE/plugins/com.st.stm32cube.ide.mcu.externaltools.gnu-tools-for-stm32.11.3.rel1.win32_1.1.100.202309141235/tools/bin/../lib/gcc/arm-none-eabi/11.3.1/thumb/v7-m/nofp\libgcc.a
LOAD D:/APP/STM32 CubeIDE/STM32 CUBEIDE/STM32CubeIDE_1.14.0/STM32CubeIDE/plugins/com.st.stm32cube.ide.mcu.externaltools.gnu-tools-for-stm32.11.3.rel1.win32_1.1.100.202309141235/tools/bin/../lib/gcc/arm-none-eabi/11.3.1/../../../../arm-none-eabi/lib/thumb/v7-m/nofp\libc_nano.a
LOAD D:/APP/STM32 CubeIDE/STM32 CUBEIDE/STM32CubeIDE_1.14.0/STM32CubeIDE/plugins/com.st.stm32cube.ide.mcu.externaltools.gnu-tools-for-stm32.11.3.rel1.win32_1.1.100.202309141235/tools/bin/../lib/gcc/arm-none-eabi/11.3.1/../../../../arm-none-eabi/lib/thumb/v7-m/nofp\libnosys.a
END GROUP
LOAD D:/APP/STM32 CubeIDE/STM32 CUBEIDE/STM32CubeIDE_1.14.0/STM32CubeIDE/plugins/com.st.stm32cube.ide.mcu.externaltools.gnu-tools-for-stm32.11.3.rel1.win32_1.1.100.202309141235/tools/bin/../lib/gcc/arm-none-eabi/11.3.1/thumb/v7-m/nofp/crtend.o
LOAD D:/APP/STM32 CubeIDE/STM32 CUBEIDE/STM32CubeIDE_1.14.0/STM32CubeIDE/plugins/com.st.stm32cube.ide.mcu.externaltools.gnu-tools-for-stm32.11.3.rel1.win32_1.1.100.202309141235/tools/bin/../lib/gcc/arm-none-eabi/11.3.1/thumb/v7-m/nofp/crtn.o
                0x0000000020005000                _estack = (ORIGIN (RAM) + LENGTH (RAM))
                0x0000000000000200                _Min_Heap_Size = 0x200
                0x0000000000000400                _Min_Stack_Size = 0x400

.isr_vector     0x0000000008000000      0x10c
                0x0000000008000000                . = ALIGN (0x4)
 *(.isr_vector)
 .isr_vector    0x0000000008000000      0x10c ./Core/Startup/startup_stm32f103c8tx.o
                0x0000000008000000                g_pfnVectors
                0x000000000800010c                . = ALIGN (0x4)

.text           0x0000000008000110     0x6820
                0x0000000008000110                . = ALIGN (0x4)
 *(.text)
 .text          0x0000000008000110       0x40 D:/APP/STM32 CubeIDE/STM32 CUBEIDE/STM32CubeIDE_1.14.0/STM32CubeIDE/plugins/com.st.stm32cube.ide.mcu.externaltools.gnu-tools-for-stm32.11.3.rel1.win32_1.1.100.202309141235/tools/bin/../lib/gcc/arm-none-eabi/11.3.1/thumb/v7-m/nofp/crtbegin.o
 .text          0x0000000008000150       0x10 D:/APP/STM32 CubeIDE/STM32 CUBEIDE/STM32CubeIDE_1.14.0/STM32CubeIDE/plugins/com.st.stm32cube.ide.mcu.externaltools.gnu-tools-for-stm32.11.3.rel1.win32_1.1.100.202309141235/tools/bin/../lib/gcc/arm-none-eabi/11.3.1/../../../../arm-none-eabi/lib/thumb/v7-m/nofp\libc_nano.a(libc_a-strlen.o)
                0x0000000008000150                strlen
 .text          0x0000000008000160      0x378 D:/APP/STM32 CubeIDE/STM32 CUBEIDE/STM32CubeIDE_1.14.0/STM32CubeIDE/plugins/com.st.stm32cube.ide.mcu.externaltools.gnu-tools-for-stm32.11.3.rel1.win32_1.1.100.202309141235/tools/bin/../lib/gcc/arm-none-eabi/11.3.1/thumb/v7-m/nofp\libgcc.a(_arm_addsubdf3.o)
                0x0000000008000160                __aeabi_drsub
                0x0000000008000168                __aeabi_dsub
                0x0000000008000168                __subdf3
                0x000000000800016c                __aeabi_dadd
                0x000000000800016c                __adddf3
                0x00000000080003e4                __floatunsidf
                0x00000000080003e4                __aeabi_ui2d
                0x0000000008000404                __floatsidf
                0x0000000008000404                __aeabi_i2d
                0x0000000008000428                __aeabi_f2d
                0x0000000008000428                __extendsfdf2
                0x000000000800046c                __floatundidf
                0x000000000800046c                __aeabi_ul2d
                0x000000000800047c                __floatdidf
                0x000000000800047c                __aeabi_l2d
 .text          0x00000000080004d8      0x424 D:/APP/STM32 CubeIDE/STM32 CUBEIDE/STM32CubeIDE_1.14.0/STM32CubeIDE/plugins/com.st.stm32cube.ide.mcu.externaltools.gnu-tools-for-stm32.11.3.rel1.win32_1.1.100.202309141235/tools/bin/../lib/gcc/arm-none-eabi/11.3.1/thumb/v7-m/nofp\libgcc.a(_arm_muldivdf3.o)
                0x00000000080004d8                __aeabi_dmul
                0x00000000080004d8                __muldf3
                0x000000000800072c                __divdf3
                0x000000000800072c                __aeabi_ddiv
 .text          0x00000000080008fc      0x110 D:/APP/STM32 CubeIDE/STM32 CUBEIDE/STM32CubeIDE_1.14.0/STM32CubeIDE/plugins/com.st.stm32cube.ide.mcu.externaltools.gnu-tools-for-stm32.11.3.rel1.win32_1.1.100.202309141235/tools/bin/../lib/gcc/arm-none-eabi/11.3.1/thumb/v7-m/nofp\libgcc.a(_arm_cmpdf2.o)
                0x00000000080008fc                __gtdf2
                0x00000000080008fc                __gedf2
                0x0000000008000904                __ltdf2
                0x0000000008000904                __ledf2
                0x000000000800090c                __nedf2
                0x000000000800090c                __eqdf2
                0x000000000800090c                __cmpdf2
                0x0000000008000988                __aeabi_cdrcmple
                0x0000000008000998                __aeabi_cdcmpeq
                0x0000000008000998                __aeabi_cdcmple
                0x00000000080009a8                __aeabi_dcmpeq
                0x00000000080009bc                __aeabi_dcmplt
                0x00000000080009d0                __aeabi_dcmple
                0x00000000080009e4                __aeabi_dcmpge
                0x00000000080009f8                __aeabi_dcmpgt
 .text          0x0000000008000a0c       0x2c D:/APP/STM32 CubeIDE/STM32 CUBEIDE/STM32CubeIDE_1.14.0/STM32CubeIDE/plugins/com.st.stm32cube.ide.mcu.externaltools.gnu-tools-for-stm32.11.3.rel1.win32_1.1.100.202309141235/tools/bin/../lib/gcc/arm-none-eabi/11.3.1/thumb/v7-m/nofp\libgcc.a(_arm_unorddf2.o)
                0x0000000008000a0c                __unorddf2
                0x0000000008000a0c                __aeabi_dcmpun
 .text          0x0000000008000a38       0x50 D:/APP/STM32 CubeIDE/STM32 CUBEIDE/STM32CubeIDE_1.14.0/STM32CubeIDE/plugins/com.st.stm32cube.ide.mcu.externaltools.gnu-tools-for-stm32.11.3.rel1.win32_1.1.100.202309141235/tools/bin/../lib/gcc/arm-none-eabi/11.3.1/thumb/v7-m/nofp\libgcc.a(_arm_fixdfsi.o)
                0x0000000008000a38                __aeabi_d2iz
                0x0000000008000a38                __fixdfsi
 .text          0x0000000008000a88       0xa0 D:/APP/STM32 CubeIDE/STM32 CUBEIDE/STM32CubeIDE_1.14.0/STM32CubeIDE/plugins/com.st.stm32cube.ide.mcu.externaltools.gnu-tools-for-stm32.11.3.rel1.win32_1.1.100.202309141235/tools/bin/../lib/gcc/arm-none-eabi/11.3.1/thumb/v7-m/nofp\libgcc.a(_arm_truncdfsf2.o)
                0x0000000008000a88                __truncdfsf2
                0x0000000008000a88                __aeabi_d2f
 .text          0x0000000008000b28      0x21c D:/APP/STM32 CubeIDE/STM32 CUBEIDE/STM32CubeIDE_1.14.0/STM32CubeIDE/plugins/com.st.stm32cube.ide.mcu.externaltools.gnu-tools-for-stm32.11.3.rel1.win32_1.1.100.202309141235/tools/bin/../lib/gcc/arm-none-eabi/11.3.1/thumb/v7-m/nofp\libgcc.a(_arm_addsubsf3.o)
                0x0000000008000b28                __aeabi_frsub
                0x0000000008000b30                __subsf3
                0x0000000008000b30                __aeabi_fsub
                0x0000000008000b34                __aeabi_fadd
                0x0000000008000b34                __addsf3
                0x0000000008000c94                __aeabi_ui2f
                0x0000000008000c94                __floatunsisf
                0x0000000008000c9c                __aeabi_i2f
                0x0000000008000c9c                __floatsisf
                0x0000000008000cb8                __aeabi_ul2f
                0x0000000008000cb8                __floatundisf
                0x0000000008000cc8                __aeabi_l2f
                0x0000000008000cc8                __floatdisf
 .text          0x0000000008000d44      0x2a0 D:/APP/STM32 CubeIDE/STM32 CUBEIDE/STM32CubeIDE_1.14.0/STM32CubeIDE/plugins/com.st.stm32cube.ide.mcu.externaltools.gnu-tools-for-stm32.11.3.rel1.win32_1.1.100.202309141235/tools/bin/../lib/gcc/arm-none-eabi/11.3.1/thumb/v7-m/nofp\libgcc.a(_arm_muldivsf3.o)
                0x0000000008000d44                __mulsf3
                0x0000000008000d44                __aeabi_fmul
                0x0000000008000eac                __aeabi_fdiv
                0x0000000008000eac                __divsf3
 .text          0x0000000008000fe4       0xec D:/APP/STM32 CubeIDE/STM32 CUBEIDE/STM32CubeIDE_1.14.0/STM32CubeIDE/plugins/com.st.stm32cube.ide.mcu.externaltools.gnu-tools-for-stm32.11.3.rel1.win32_1.1.100.202309141235/tools/bin/../lib/gcc/arm-none-eabi/11.3.1/thumb/v7-m/nofp\libgcc.a(_arm_cmpsf2.o)
                0x0000000008000fe4                __gesf2
                0x0000000008000fe4                __gtsf2
                0x0000000008000fec                __lesf2
                0x0000000008000fec                __ltsf2
                0x0000000008000ff4                __nesf2
                0x0000000008000ff4                __eqsf2
                0x0000000008000ff4                __cmpsf2
                0x0000000008001054                __aeabi_cfrcmple
                0x000000000800105c                __aeabi_cfcmpeq
                0x000000000800105c                __aeabi_cfcmple
                0x000000000800106c                __aeabi_fcmpeq
                0x0000000008001080                __aeabi_fcmplt
                0x0000000008001094                __aeabi_fcmple
                0x00000000080010a8                __aeabi_fcmpge
                0x00000000080010bc                __aeabi_fcmpgt
 *(.text*)
 .text.MPU6050_Init
                0x00000000080010d0      0x168 ./Core/Src/IMU.o
                0x00000000080010d0                MPU6050_Init
 .text.MPU6050_Read_All
                0x0000000008001238      0xa84 ./Core/Src/IMU.o
                0x0000000008001238                MPU6050_Read_All
 .text.Kalman_getAngle
                0x0000000008001cbc      0x2a6 ./Core/Src/IMU.o
                0x0000000008001cbc                Kalman_getAngle
 *fill*         0x0000000008001f62        0x2 
 .text.getMres  0x0000000008001f64       0x3c ./Core/Src/IMU.o
                0x0000000008001f64                getMres
 .text.getGres  0x0000000008001fa0       0x64 ./Core/Src/IMU.o
                0x0000000008001fa0                getGres
 .text.getAres  0x0000000008002004       0x5c ./Core/Src/IMU.o
                0x0000000008002004                getAres
 .text.norm     0x0000000008002060       0x6a ./Core/Src/IMU.o
                0x0000000008002060                norm
 *fill*         0x00000000080020ca        0x6 
 .text.main     0x00000000080020d0      0x19c ./Core/Src/main.o
                0x00000000080020d0                main
 .text.SystemClock_Config
                0x000000000800226c       0x76 ./Core/Src/main.o
                0x000000000800226c                SystemClock_Config
 *fill*         0x00000000080022e2        0x2 
 .text.MX_I2C1_Init
                0x00000000080022e4       0x5c ./Core/Src/main.o
 .text.MX_USART2_UART_Init
                0x0000000008002340       0x54 ./Core/Src/main.o
 .text.MX_GPIO_Init
                0x0000000008002394       0x5c ./Core/Src/main.o
 .text.Error_Handler
                0x00000000080023f0        0xa ./Core/Src/main.o
                0x00000000080023f0                Error_Handler
 *fill*         0x00000000080023fa        0x2 
 .text.HAL_MspInit
                0x00000000080023fc       0x64 ./Core/Src/stm32f1xx_hal_msp.o
                0x00000000080023fc                HAL_MspInit
 .text.HAL_I2C_MspInit
                0x0000000008002460       0x7c ./Core/Src/stm32f1xx_hal_msp.o
                0x0000000008002460                HAL_I2C_MspInit
 .text.HAL_UART_MspInit
                0x00000000080024dc       0x94 ./Core/Src/stm32f1xx_hal_msp.o
                0x00000000080024dc                HAL_UART_MspInit
 .text.NMI_Handler
                0x0000000008002570        0x6 ./Core/Src/stm32f1xx_it.o
                0x0000000008002570                NMI_Handler
 .text.HardFault_Handler
                0x0000000008002576        0x6 ./Core/Src/stm32f1xx_it.o
                0x0000000008002576                HardFault_Handler
 .text.MemManage_Handler
                0x000000000800257c        0x6 ./Core/Src/stm32f1xx_it.o
                0x000000000800257c                MemManage_Handler
 .text.BusFault_Handler
                0x0000000008002582        0x6 ./Core/Src/stm32f1xx_it.o
                0x0000000008002582                BusFault_Handler
 .text.UsageFault_Handler
                0x0000000008002588        0x6 ./Core/Src/stm32f1xx_it.o
                0x0000000008002588                UsageFault_Handler
 .text.SVC_Handler
                0x000000000800258e        0xc ./Core/Src/stm32f1xx_it.o
                0x000000000800258e                SVC_Handler
 .text.DebugMon_Handler
                0x000000000800259a        0xc ./Core/Src/stm32f1xx_it.o
                0x000000000800259a                DebugMon_Handler
 .text.PendSV_Handler
                0x00000000080025a6        0xc ./Core/Src/stm32f1xx_it.o
                0x00000000080025a6                PendSV_Handler
 .text.SysTick_Handler
                0x00000000080025b2        0xc ./Core/Src/stm32f1xx_it.o
                0x00000000080025b2                SysTick_Handler
 *fill*         0x00000000080025be        0x2 
 .text._sbrk    0x00000000080025c0       0x6c ./Core/Src/sysmem.o
                0x00000000080025c0                _sbrk
 .text.SystemInit
                0x000000000800262c        0xc ./Core/Src/system_stm32f1xx.o
                0x000000000800262c                SystemInit
 .text.Reset_Handler
                0x0000000008002638       0x48 ./Core/Startup/startup_stm32f103c8tx.o
                0x0000000008002638                Reset_Handler
 .text.Default_Handler
                0x0000000008002680        0x2 ./Core/Startup/startup_stm32f103c8tx.o
                0x0000000008002680                RTC_Alarm_IRQHandler
                0x0000000008002680                EXTI2_IRQHandler
                0x0000000008002680                TIM1_CC_IRQHandler
                0x0000000008002680                PVD_IRQHandler
                0x0000000008002680                EXTI3_IRQHandler
                0x0000000008002680                EXTI0_IRQHandler
                0x0000000008002680                I2C2_EV_IRQHandler
                0x0000000008002680                ADC1_2_IRQHandler
                0x0000000008002680                SPI1_IRQHandler
                0x0000000008002680                TAMPER_IRQHandler
                0x0000000008002680                DMA1_Channel4_IRQHandler
                0x0000000008002680                USART3_IRQHandler
                0x0000000008002680                RTC_IRQHandler
                0x0000000008002680                DMA1_Channel7_IRQHandler
                0x0000000008002680                CAN1_RX1_IRQHandler
                0x0000000008002680                TIM4_IRQHandler
                0x0000000008002680                I2C1_EV_IRQHandler
                0x0000000008002680                DMA1_Channel6_IRQHandler
                0x0000000008002680                TIM3_IRQHandler
                0x0000000008002680                RCC_IRQHandler
                0x0000000008002680                TIM1_TRG_COM_IRQHandler
                0x0000000008002680                DMA1_Channel1_IRQHandler
                0x0000000008002680                Default_Handler
                0x0000000008002680                EXTI15_10_IRQHandler
                0x0000000008002680                EXTI9_5_IRQHandler
                0x0000000008002680                SPI2_IRQHandler
                0x0000000008002680                DMA1_Channel5_IRQHandler
                0x0000000008002680                EXTI4_IRQHandler
                0x0000000008002680                USB_LP_CAN1_RX0_IRQHandler
                0x0000000008002680                USB_HP_CAN1_TX_IRQHandler
                0x0000000008002680                DMA1_Channel3_IRQHandler
                0x0000000008002680                TIM1_UP_IRQHandler
                0x0000000008002680                WWDG_IRQHandler
                0x0000000008002680                TIM2_IRQHandler
                0x0000000008002680                TIM1_BRK_IRQHandler
                0x0000000008002680                EXTI1_IRQHandler
                0x0000000008002680                USART2_IRQHandler
                0x0000000008002680                I2C2_ER_IRQHandler
                0x0000000008002680                DMA1_Channel2_IRQHandler
                0x0000000008002680                CAN1_SCE_IRQHandler
                0x0000000008002680                FLASH_IRQHandler
                0x0000000008002680                USART1_IRQHandler
                0x0000000008002680                I2C1_ER_IRQHandler
                0x0000000008002680                USBWakeUp_IRQHandler
 *fill*         0x0000000008002682        0x2 
 .text.HAL_Init
                0x0000000008002684       0x2c ./Drivers/STM32F1xx_HAL_Driver/Src/stm32f1xx_hal.o
                0x0000000008002684                HAL_Init
 .text.HAL_InitTick
                0x00000000080026b0       0x60 ./Drivers/STM32F1xx_HAL_Driver/Src/stm32f1xx_hal.o
                0x00000000080026b0                HAL_InitTick
 .text.HAL_IncTick
                0x0000000008002710       0x24 ./Drivers/STM32F1xx_HAL_Driver/Src/stm32f1xx_hal.o
                0x0000000008002710                HAL_IncTick
 .text.HAL_GetTick
                0x0000000008002734       0x14 ./Drivers/STM32F1xx_HAL_Driver/Src/stm32f1xx_hal.o
                0x0000000008002734                HAL_GetTick
 .text.__NVIC_SetPriorityGrouping
                0x0000000008002748       0x48 ./Drivers/STM32F1xx_HAL_Driver/Src/stm32f1xx_hal_cortex.o
 .text.__NVIC_GetPriorityGrouping
                0x0000000008002790       0x1c ./Drivers/STM32F1xx_HAL_Driver/Src/stm32f1xx_hal_cortex.o
 .text.__NVIC_SetPriority
                0x00000000080027ac       0x54 ./Drivers/STM32F1xx_HAL_Driver/Src/stm32f1xx_hal_cortex.o
 .text.NVIC_EncodePriority
                0x0000000008002800       0x64 ./Drivers/STM32F1xx_HAL_Driver/Src/stm32f1xx_hal_cortex.o
 .text.SysTick_Config
                0x0000000008002864       0x44 ./Drivers/STM32F1xx_HAL_Driver/Src/stm32f1xx_hal_cortex.o
 .text.HAL_NVIC_SetPriorityGrouping
                0x00000000080028a8       0x16 ./Drivers/STM32F1xx_HAL_Driver/Src/stm32f1xx_hal_cortex.o
                0x00000000080028a8                HAL_NVIC_SetPriorityGrouping
 .text.HAL_NVIC_SetPriority
                0x00000000080028be       0x38 ./Drivers/STM32F1xx_HAL_Driver/Src/stm32f1xx_hal_cortex.o
                0x00000000080028be                HAL_NVIC_SetPriority
 .text.HAL_SYSTICK_Config
                0x00000000080028f6       0x18 ./Drivers/STM32F1xx_HAL_Driver/Src/stm32f1xx_hal_cortex.o
                0x00000000080028f6                HAL_SYSTICK_Config
 *fill*         0x000000000800290e        0x2 
 .text.HAL_GPIO_Init
                0x0000000008002910      0x308 ./Drivers/STM32F1xx_HAL_Driver/Src/stm32f1xx_hal_gpio.o
                0x0000000008002910                HAL_GPIO_Init
 .text.HAL_I2C_Init
                0x0000000008002c18      0x288 ./Drivers/STM32F1xx_HAL_Driver/Src/stm32f1xx_hal_i2c.o
                0x0000000008002c18                HAL_I2C_Init
 .text.HAL_I2C_Mem_Write
                0x0000000008002ea0      0x1f4 ./Drivers/STM32F1xx_HAL_Driver/Src/stm32f1xx_hal_i2c.o
                0x0000000008002ea0                HAL_I2C_Mem_Write
 .text.HAL_I2C_Mem_Read
                0x0000000008003094      0x4d0 ./Drivers/STM32F1xx_HAL_Driver/Src/stm32f1xx_hal_i2c.o
                0x0000000008003094                HAL_I2C_Mem_Read
 .text.I2C_RequestMemoryWrite
                0x0000000008003564      0x12c ./Drivers/STM32F1xx_HAL_Driver/Src/stm32f1xx_hal_i2c.o
 .text.I2C_RequestMemoryRead
                0x0000000008003690      0x1d0 ./Drivers/STM32F1xx_HAL_Driver/Src/stm32f1xx_hal_i2c.o
 .text.I2C_WaitOnFlagUntilTimeout
                0x0000000008003860       0xf4 ./Drivers/STM32F1xx_HAL_Driver/Src/stm32f1xx_hal_i2c.o
 .text.I2C_WaitOnMasterAddressFlagUntilTimeout
                0x0000000008003954      0x140 ./Drivers/STM32F1xx_HAL_Driver/Src/stm32f1xx_hal_i2c.o
 .text.I2C_WaitOnTXEFlagUntilTimeout
                0x0000000008003a94       0x90 ./Drivers/STM32F1xx_HAL_Driver/Src/stm32f1xx_hal_i2c.o
 .text.I2C_WaitOnBTFFlagUntilTimeout
                0x0000000008003b24       0x90 ./Drivers/STM32F1xx_HAL_Driver/Src/stm32f1xx_hal_i2c.o
 .text.I2C_WaitOnRXNEFlagUntilTimeout
                0x0000000008003bb4       0xba ./Drivers/STM32F1xx_HAL_Driver/Src/stm32f1xx_hal_i2c.o
 .text.I2C_IsAcknowledgeFailed
                0x0000000008003c6e       0x5c ./Drivers/STM32F1xx_HAL_Driver/Src/stm32f1xx_hal_i2c.o
 *fill*         0x0000000008003cca        0x2 
 .text.HAL_RCC_OscConfig
                0x0000000008003ccc      0x504 ./Drivers/STM32F1xx_HAL_Driver/Src/stm32f1xx_hal_rcc.o
                0x0000000008003ccc                HAL_RCC_OscConfig
 .text.HAL_RCC_ClockConfig
                0x00000000080041d0      0x1d4 ./Drivers/STM32F1xx_HAL_Driver/Src/stm32f1xx_hal_rcc.o
                0x00000000080041d0                HAL_RCC_ClockConfig
 .text.HAL_RCC_GetSysClockFreq
                0x00000000080043a4       0xa8 ./Drivers/STM32F1xx_HAL_Driver/Src/stm32f1xx_hal_rcc.o
                0x00000000080043a4                HAL_RCC_GetSysClockFreq
 .text.HAL_RCC_GetHCLKFreq
                0x000000000800444c       0x14 ./Drivers/STM32F1xx_HAL_Driver/Src/stm32f1xx_hal_rcc.o
                0x000000000800444c                HAL_RCC_GetHCLKFreq
 .text.HAL_RCC_GetPCLK1Freq
                0x0000000008004460       0x28 ./Drivers/STM32F1xx_HAL_Driver/Src/stm32f1xx_hal_rcc.o
                0x0000000008004460                HAL_RCC_GetPCLK1Freq
 .text.HAL_RCC_GetPCLK2Freq
                0x0000000008004488       0x28 ./Drivers/STM32F1xx_HAL_Driver/Src/stm32f1xx_hal_rcc.o
                0x0000000008004488                HAL_RCC_GetPCLK2Freq
 .text.RCC_Delay
                0x00000000080044b0       0x3c ./Drivers/STM32F1xx_HAL_Driver/Src/stm32f1xx_hal_rcc.o
 .text.HAL_UART_Init
                0x00000000080044ec       0xa0 ./Drivers/STM32F1xx_HAL_Driver/Src/stm32f1xx_hal_uart.o
                0x00000000080044ec                HAL_UART_Init
 .text.HAL_UART_Transmit
                0x000000000800458c      0x106 ./Drivers/STM32F1xx_HAL_Driver/Src/stm32f1xx_hal_uart.o
                0x000000000800458c                HAL_UART_Transmit
 .text.UART_WaitOnFlagUntilTimeout
                0x0000000008004692       0xdc ./Drivers/STM32F1xx_HAL_Driver/Src/stm32f1xx_hal_uart.o
 *fill*         0x000000000800476e        0x2 
 .text.UART_SetConfig
                0x0000000008004770      0x11c ./Drivers/STM32F1xx_HAL_Driver/Src/stm32f1xx_hal_uart.o
 .text.sprintf  0x000000000800488c       0x40 D:/APP/STM32 CubeIDE/STM32 CUBEIDE/STM32CubeIDE_1.14.0/STM32CubeIDE/plugins/com.st.stm32cube.ide.mcu.externaltools.gnu-tools-for-stm32.11.3.rel1.win32_1.1.100.202309141235/tools/bin/../lib/gcc/arm-none-eabi/11.3.1/../../../../arm-none-eabi/lib/thumb/v7-m/nofp\libc_nano.a(libc_a-sprintf.o)
                0x000000000800488c                siprintf
                0x000000000800488c                sprintf
 .text.memset   0x00000000080048cc       0x10 D:/APP/STM32 CubeIDE/STM32 CUBEIDE/STM32CubeIDE_1.14.0/STM32CubeIDE/plugins/com.st.stm32cube.ide.mcu.externaltools.gnu-tools-for-stm32.11.3.rel1.win32_1.1.100.202309141235/tools/bin/../lib/gcc/arm-none-eabi/11.3.1/../../../../arm-none-eabi/lib/thumb/v7-m/nofp\libc_nano.a(libc_a-memset.o)
                0x00000000080048cc                memset
 .text.__errno  0x00000000080048dc        0xc D:/APP/STM32 CubeIDE/STM32 CUBEIDE/STM32CubeIDE_1.14.0/STM32CubeIDE/plugins/com.st.stm32cube.ide.mcu.externaltools.gnu-tools-for-stm32.11.3.rel1.win32_1.1.100.202309141235/tools/bin/../lib/gcc/arm-none-eabi/11.3.1/../../../../arm-none-eabi/lib/thumb/v7-m/nofp\libc_nano.a(libc_a-errno.o)
                0x00000000080048dc                __errno
 .text.__libc_init_array
                0x00000000080048e8       0x48 D:/APP/STM32 CubeIDE/STM32 CUBEIDE/STM32CubeIDE_1.14.0/STM32CubeIDE/plugins/com.st.stm32cube.ide.mcu.externaltools.gnu-tools-for-stm32.11.3.rel1.win32_1.1.100.202309141235/tools/bin/../lib/gcc/arm-none-eabi/11.3.1/../../../../arm-none-eabi/lib/thumb/v7-m/nofp\libc_nano.a(libc_a-init.o)
                0x00000000080048e8                __libc_init_array
 .text.__retarget_lock_acquire_recursive
                0x0000000008004930        0x2 D:/APP/STM32 CubeIDE/STM32 CUBEIDE/STM32CubeIDE_1.14.0/STM32CubeIDE/plugins/com.st.stm32cube.ide.mcu.externaltools.gnu-tools-for-stm32.11.3.rel1.win32_1.1.100.202309141235/tools/bin/../lib/gcc/arm-none-eabi/11.3.1/../../../../arm-none-eabi/lib/thumb/v7-m/nofp\libc_nano.a(libc_a-lock.o)
                0x0000000008004930                __retarget_lock_acquire_recursive
 .text.__retarget_lock_release_recursive
                0x0000000008004932        0x2 D:/APP/STM32 CubeIDE/STM32 CUBEIDE/STM32CubeIDE_1.14.0/STM32CubeIDE/plugins/com.st.stm32cube.ide.mcu.externaltools.gnu-tools-for-stm32.11.3.rel1.win32_1.1.100.202309141235/tools/bin/../lib/gcc/arm-none-eabi/11.3.1/../../../../arm-none-eabi/lib/thumb/v7-m/nofp\libc_nano.a(libc_a-lock.o)
                0x0000000008004932                __retarget_lock_release_recursive
 .text._free_r  0x0000000008004934       0x90 D:/APP/STM32 CubeIDE/STM32 CUBEIDE/STM32CubeIDE_1.14.0/STM32CubeIDE/plugins/com.st.stm32cube.ide.mcu.externaltools.gnu-tools-for-stm32.11.3.rel1.win32_1.1.100.202309141235/tools/bin/../lib/gcc/arm-none-eabi/11.3.1/../../../../arm-none-eabi/lib/thumb/v7-m/nofp\libc_nano.a(libc_a-freer.o)
                0x0000000008004934                _free_r
 .text.sbrk_aligned
                0x00000000080049c4       0x40 D:/APP/STM32 CubeIDE/STM32 CUBEIDE/STM32CubeIDE_1.14.0/STM32CubeIDE/plugins/com.st.stm32cube.ide.mcu.externaltools.gnu-tools-for-stm32.11.3.rel1.win32_1.1.100.202309141235/tools/bin/../lib/gcc/arm-none-eabi/11.3.1/../../../../arm-none-eabi/lib/thumb/v7-m/nofp\libc_nano.a(libc_a-mallocr.o)
 .text._malloc_r
                0x0000000008004a04      0x100 D:/APP/STM32 CubeIDE/STM32 CUBEIDE/STM32CubeIDE_1.14.0/STM32CubeIDE/plugins/com.st.stm32cube.ide.mcu.externaltools.gnu-tools-for-stm32.11.3.rel1.win32_1.1.100.202309141235/tools/bin/../lib/gcc/arm-none-eabi/11.3.1/../../../../arm-none-eabi/lib/thumb/v7-m/nofp\libc_nano.a(libc_a-mallocr.o)
                0x0000000008004a04                _malloc_r
 .text.__malloc_lock
                0x0000000008004b04        0xc D:/APP/STM32 CubeIDE/STM32 CUBEIDE/STM32CubeIDE_1.14.0/STM32CubeIDE/plugins/com.st.stm32cube.ide.mcu.externaltools.gnu-tools-for-stm32.11.3.rel1.win32_1.1.100.202309141235/tools/bin/../lib/gcc/arm-none-eabi/11.3.1/../../../../arm-none-eabi/lib/thumb/v7-m/nofp\libc_nano.a(libc_a-mlock.o)
                0x0000000008004b04                __malloc_lock
 .text.__malloc_unlock
                0x0000000008004b10        0xc D:/APP/STM32 CubeIDE/STM32 CUBEIDE/STM32CubeIDE_1.14.0/STM32CubeIDE/plugins/com.st.stm32cube.ide.mcu.externaltools.gnu-tools-for-stm32.11.3.rel1.win32_1.1.100.202309141235/tools/bin/../lib/gcc/arm-none-eabi/11.3.1/../../../../arm-none-eabi/lib/thumb/v7-m/nofp\libc_nano.a(libc_a-mlock.o)
                0x0000000008004b10                __malloc_unlock
 .text.__ssputs_r
                0x0000000008004b1c       0xb4 D:/APP/STM32 CubeIDE/STM32 CUBEIDE/STM32CubeIDE_1.14.0/STM32CubeIDE/plugins/com.st.stm32cube.ide.mcu.externaltools.gnu-tools-for-stm32.11.3.rel1.win32_1.1.100.202309141235/tools/bin/../lib/gcc/arm-none-eabi/11.3.1/../../../../arm-none-eabi/lib/thumb/v7-m/nofp\libc_nano.a(libc_a-nano-svfprintf.o)
                0x0000000008004b1c                __ssputs_r
 .text._svfprintf_r
                0x0000000008004bd0      0x1fc D:/APP/STM32 CubeIDE/STM32 CUBEIDE/STM32CubeIDE_1.14.0/STM32CubeIDE/plugins/com.st.stm32cube.ide.mcu.externaltools.gnu-tools-for-stm32.11.3.rel1.win32_1.1.100.202309141235/tools/bin/../lib/gcc/arm-none-eabi/11.3.1/../../../../arm-none-eabi/lib/thumb/v7-m/nofp\libc_nano.a(libc_a-nano-svfprintf.o)
                0x0000000008004bd0                _svfiprintf_r
                0x0000000008004bd0                _svfprintf_r
 .text._printf_common
                0x0000000008004dcc       0xe4 D:/APP/STM32 CubeIDE/STM32 CUBEIDE/STM32CubeIDE_1.14.0/STM32CubeIDE/plugins/com.st.stm32cube.ide.mcu.externaltools.gnu-tools-for-stm32.11.3.rel1.win32_1.1.100.202309141235/tools/bin/../lib/gcc/arm-none-eabi/11.3.1/../../../../arm-none-eabi/lib/thumb/v7-m/nofp\libc_nano.a(libc_a-nano-vfprintf_i.o)
                0x0000000008004dcc                _printf_common
 .text._printf_i
                0x0000000008004eb0      0x244 D:/APP/STM32 CubeIDE/STM32 CUBEIDE/STM32CubeIDE_1.14.0/STM32CubeIDE/plugins/com.st.stm32cube.ide.mcu.externaltools.gnu-tools-for-stm32.11.3.rel1.win32_1.1.100.202309141235/tools/bin/../lib/gcc/arm-none-eabi/11.3.1/../../../../arm-none-eabi/lib/thumb/v7-m/nofp\libc_nano.a(libc_a-nano-vfprintf_i.o)
                0x0000000008004eb0                _printf_i
 .text.memmove  0x00000000080050f4       0x34 D:/APP/STM32 CubeIDE/STM32 CUBEIDE/STM32CubeIDE_1.14.0/STM32CubeIDE/plugins/com.st.stm32cube.ide.mcu.externaltools.gnu-tools-for-stm32.11.3.rel1.win32_1.1.100.202309141235/tools/bin/../lib/gcc/arm-none-eabi/11.3.1/../../../../arm-none-eabi/lib/thumb/v7-m/nofp\libc_nano.a(libc_a-memmove.o)
                0x00000000080050f4                memmove
 .text._sbrk_r  0x0000000008005128       0x20 D:/APP/STM32 CubeIDE/STM32 CUBEIDE/STM32CubeIDE_1.14.0/STM32CubeIDE/plugins/com.st.stm32cube.ide.mcu.externaltools.gnu-tools-for-stm32.11.3.rel1.win32_1.1.100.202309141235/tools/bin/../lib/gcc/arm-none-eabi/11.3.1/../../../../arm-none-eabi/lib/thumb/v7-m/nofp\libc_nano.a(libc_a-sbrkr.o)
                0x0000000008005128                _sbrk_r
 .text.memchr   0x0000000008005148       0x1c D:/APP/STM32 CubeIDE/STM32 CUBEIDE/STM32CubeIDE_1.14.0/STM32CubeIDE/plugins/com.st.stm32cube.ide.mcu.externaltools.gnu-tools-for-stm32.11.3.rel1.win32_1.1.100.202309141235/tools/bin/../lib/gcc/arm-none-eabi/11.3.1/../../../../arm-none-eabi/lib/thumb/v7-m/nofp\libc_nano.a(libc_a-memchr-stub.o)
                0x0000000008005148                memchr
 .text.memcpy   0x0000000008005164       0x1c D:/APP/STM32 CubeIDE/STM32 CUBEIDE/STM32CubeIDE_1.14.0/STM32CubeIDE/plugins/com.st.stm32cube.ide.mcu.externaltools.gnu-tools-for-stm32.11.3.rel1.win32_1.1.100.202309141235/tools/bin/../lib/gcc/arm-none-eabi/11.3.1/../../../../arm-none-eabi/lib/thumb/v7-m/nofp\libc_nano.a(libc_a-memcpy-stub.o)
                0x0000000008005164                memcpy
 .text._realloc_r
                0x0000000008005180       0x5e D:/APP/STM32 CubeIDE/STM32 CUBEIDE/STM32CubeIDE_1.14.0/STM32CubeIDE/plugins/com.st.stm32cube.ide.mcu.externaltools.gnu-tools-for-stm32.11.3.rel1.win32_1.1.100.202309141235/tools/bin/../lib/gcc/arm-none-eabi/11.3.1/../../../../arm-none-eabi/lib/thumb/v7-m/nofp\libc_nano.a(libc_a-reallocr.o)
                0x0000000008005180                _realloc_r
 .text._malloc_usable_size_r
                0x00000000080051de       0x10 D:/APP/STM32 CubeIDE/STM32 CUBEIDE/STM32CubeIDE_1.14.0/STM32CubeIDE/plugins/com.st.stm32cube.ide.mcu.externaltools.gnu-tools-for-stm32.11.3.rel1.win32_1.1.100.202309141235/tools/bin/../lib/gcc/arm-none-eabi/11.3.1/../../../../arm-none-eabi/lib/thumb/v7-m/nofp\libc_nano.a(libc_a-msizer.o)
                0x00000000080051de                _malloc_usable_size_r
 .text.atan2    0x00000000080051ee        0x4 D:/APP/STM32 CubeIDE/STM32 CUBEIDE/STM32CubeIDE_1.14.0/STM32CubeIDE/plugins/com.st.stm32cube.ide.mcu.externaltools.gnu-tools-for-stm32.11.3.rel1.win32_1.1.100.202309141235/tools/bin/../lib/gcc/arm-none-eabi/11.3.1/../../../../arm-none-eabi/lib/thumb/v7-m/nofp\libm.a(libm_a-w_atan2.o)
                0x00000000080051ee                atan2
 .text.sqrt     0x00000000080051f2       0x48 D:/APP/STM32 CubeIDE/STM32 CUBEIDE/STM32CubeIDE_1.14.0/STM32CubeIDE/plugins/com.st.stm32cube.ide.mcu.externaltools.gnu-tools-for-stm32.11.3.rel1.win32_1.1.100.202309141235/tools/bin/../lib/gcc/arm-none-eabi/11.3.1/../../../../arm-none-eabi/lib/thumb/v7-m/nofp\libm.a(libm_a-w_sqrt.o)
                0x00000000080051f2                sqrt
 *fill*         0x000000000800523a        0x6 
 .text.atan     0x0000000008005240      0x314 D:/APP/STM32 CubeIDE/STM32 CUBEIDE/STM32CubeIDE_1.14.0/STM32CubeIDE/plugins/com.st.stm32cube.ide.mcu.externaltools.gnu-tools-for-stm32.11.3.rel1.win32_1.1.100.202309141235/tools/bin/../lib/gcc/arm-none-eabi/11.3.1/../../../../arm-none-eabi/lib/thumb/v7-m/nofp\libm.a(libm_a-s_atan.o)
                0x0000000008005240                atan
 .text.cos      0x0000000008005554       0x8c D:/APP/STM32 CubeIDE/STM32 CUBEIDE/STM32CubeIDE_1.14.0/STM32CubeIDE/plugins/com.st.stm32cube.ide.mcu.externaltools.gnu-tools-for-stm32.11.3.rel1.win32_1.1.100.202309141235/tools/bin/../lib/gcc/arm-none-eabi/11.3.1/../../../../arm-none-eabi/lib/thumb/v7-m/nofp\libm.a(libm_a-s_cos.o)
                0x0000000008005554                cos
 .text.fabs     0x00000000080055e0        0x8 D:/APP/STM32 CubeIDE/STM32 CUBEIDE/STM32CubeIDE_1.14.0/STM32CubeIDE/plugins/com.st.stm32cube.ide.mcu.externaltools.gnu-tools-for-stm32.11.3.rel1.win32_1.1.100.202309141235/tools/bin/../lib/gcc/arm-none-eabi/11.3.1/../../../../arm-none-eabi/lib/thumb/v7-m/nofp\libm.a(libm_a-s_fabs.o)
                0x00000000080055e0                fabs
 .text.sin      0x00000000080055e8       0x8c D:/APP/STM32 CubeIDE/STM32 CUBEIDE/STM32CubeIDE_1.14.0/STM32CubeIDE/plugins/com.st.stm32cube.ide.mcu.externaltools.gnu-tools-for-stm32.11.3.rel1.win32_1.1.100.202309141235/tools/bin/../lib/gcc/arm-none-eabi/11.3.1/../../../../arm-none-eabi/lib/thumb/v7-m/nofp\libm.a(libm_a-s_sin.o)
                0x00000000080055e8                sin
 .text.__ieee754_sqrt
                0x0000000008005674      0x1b0 D:/APP/STM32 CubeIDE/STM32 CUBEIDE/STM32CubeIDE_1.14.0/STM32CubeIDE/plugins/com.st.stm32cube.ide.mcu.externaltools.gnu-tools-for-stm32.11.3.rel1.win32_1.1.100.202309141235/tools/bin/../lib/gcc/arm-none-eabi/11.3.1/../../../../arm-none-eabi/lib/thumb/v7-m/nofp\libm.a(libm_a-e_sqrt.o)
                0x0000000008005674                __ieee754_sqrt
 *fill*         0x0000000008005824        0x4 
 .text.__kernel_cos
                0x0000000008005828      0x17c D:/APP/STM32 CubeIDE/STM32 CUBEIDE/STM32CubeIDE_1.14.0/STM32CubeIDE/plugins/com.st.stm32cube.ide.mcu.externaltools.gnu-tools-for-stm32.11.3.rel1.win32_1.1.100.202309141235/tools/bin/../lib/gcc/arm-none-eabi/11.3.1/../../../../arm-none-eabi/lib/thumb/v7-m/nofp\libm.a(libm_a-k_cos.o)
                0x0000000008005828                __kernel_cos
 *fill*         0x00000000080059a4        0x4 
 .text.__kernel_sin
                0x00000000080059a8      0x16c D:/APP/STM32 CubeIDE/STM32 CUBEIDE/STM32CubeIDE_1.14.0/STM32CubeIDE/plugins/com.st.stm32cube.ide.mcu.externaltools.gnu-tools-for-stm32.11.3.rel1.win32_1.1.100.202309141235/tools/bin/../lib/gcc/arm-none-eabi/11.3.1/../../../../arm-none-eabi/lib/thumb/v7-m/nofp\libm.a(libm_a-k_sin.o)
                0x00000000080059a8                __kernel_sin
 *fill*         0x0000000008005b14        0x4 
 .text.__ieee754_atan2
                0x0000000008005b18      0x19c D:/APP/STM32 CubeIDE/STM32 CUBEIDE/STM32CubeIDE_1.14.0/STM32CubeIDE/plugins/com.st.stm32cube.ide.mcu.externaltools.gnu-tools-for-stm32.11.3.rel1.win32_1.1.100.202309141235/tools/bin/../lib/gcc/arm-none-eabi/11.3.1/../../../../arm-none-eabi/lib/thumb/v7-m/nofp\libm.a(libm_a-e_atan2.o)
                0x0000000008005b18                __ieee754_atan2
 *fill*         0x0000000008005cb4        0x4 
 .text.__ieee754_rem_pio2
                0x0000000008005cb8      0x3e8 D:/APP/STM32 CubeIDE/STM32 CUBEIDE/STM32CubeIDE_1.14.0/STM32CubeIDE/plugins/com.st.stm32cube.ide.mcu.externaltools.gnu-tools-for-stm32.11.3.rel1.win32_1.1.100.202309141235/tools/bin/../lib/gcc/arm-none-eabi/11.3.1/../../../../arm-none-eabi/lib/thumb/v7-m/nofp\libm.a(libm_a-e_rem_pio2.o)
                0x0000000008005cb8                __ieee754_rem_pio2
 .text.__kernel_rem_pio2
                0x00000000080060a0      0x680 D:/APP/STM32 CubeIDE/STM32 CUBEIDE/STM32CubeIDE_1.14.0/STM32CubeIDE/plugins/com.st.stm32cube.ide.mcu.externaltools.gnu-tools-for-stm32.11.3.rel1.win32_1.1.100.202309141235/tools/bin/../lib/gcc/arm-none-eabi/11.3.1/../../../../arm-none-eabi/lib/thumb/v7-m/nofp\libm.a(libm_a-k_rem_pio2.o)
                0x00000000080060a0                __kernel_rem_pio2
 .text.scalbn   0x0000000008006720       0xf4 D:/APP/STM32 CubeIDE/STM32 CUBEIDE/STM32CubeIDE_1.14.0/STM32CubeIDE/plugins/com.st.stm32cube.ide.mcu.externaltools.gnu-tools-for-stm32.11.3.rel1.win32_1.1.100.202309141235/tools/bin/../lib/gcc/arm-none-eabi/11.3.1/../../../../arm-none-eabi/lib/thumb/v7-m/nofp\libm.a(libm_a-s_scalbn.o)
                0x0000000008006720                scalbn
 *fill*         0x0000000008006814        0x4 
 .text.floor    0x0000000008006818      0x100 D:/APP/STM32 CubeIDE/STM32 CUBEIDE/STM32CubeIDE_1.14.0/STM32CubeIDE/plugins/com.st.stm32cube.ide.mcu.externaltools.gnu-tools-for-stm32.11.3.rel1.win32_1.1.100.202309141235/tools/bin/../lib/gcc/arm-none-eabi/11.3.1/../../../../arm-none-eabi/lib/thumb/v7-m/nofp\libm.a(libm_a-s_floor.o)
                0x0000000008006818                floor
 *(.glue_7)
 .glue_7        0x0000000008006918        0x0 linker stubs
 *(.glue_7t)
 .glue_7t       0x0000000008006918        0x0 linker stubs
 *(.eh_frame)
 .eh_frame      0x0000000008006918        0x0 D:/APP/STM32 CubeIDE/STM32 CUBEIDE/STM32CubeIDE_1.14.0/STM32CubeIDE/plugins/com.st.stm32cube.ide.mcu.externaltools.gnu-tools-for-stm32.11.3.rel1.win32_1.1.100.202309141235/tools/bin/../lib/gcc/arm-none-eabi/11.3.1/thumb/v7-m/nofp/crtbegin.o
 *(.init)
 .init          0x0000000008006918        0x4 D:/APP/STM32 CubeIDE/STM32 CUBEIDE/STM32CubeIDE_1.14.0/STM32CubeIDE/plugins/com.st.stm32cube.ide.mcu.externaltools.gnu-tools-for-stm32.11.3.rel1.win32_1.1.100.202309141235/tools/bin/../lib/gcc/arm-none-eabi/11.3.1/thumb/v7-m/nofp/crti.o
                0x0000000008006918                _init
 .init          0x000000000800691c        0x8 D:/APP/STM32 CubeIDE/STM32 CUBEIDE/STM32CubeIDE_1.14.0/STM32CubeIDE/plugins/com.st.stm32cube.ide.mcu.externaltools.gnu-tools-for-stm32.11.3.rel1.win32_1.1.100.202309141235/tools/bin/../lib/gcc/arm-none-eabi/11.3.1/thumb/v7-m/nofp/crtn.o
 *(.fini)
 .fini          0x0000000008006924        0x4 D:/APP/STM32 CubeIDE/STM32 CUBEIDE/STM32CubeIDE_1.14.0/STM32CubeIDE/plugins/com.st.stm32cube.ide.mcu.externaltools.gnu-tools-for-stm32.11.3.rel1.win32_1.1.100.202309141235/tools/bin/../lib/gcc/arm-none-eabi/11.3.1/thumb/v7-m/nofp/crti.o
                0x0000000008006924                _fini
 .fini          0x0000000008006928        0x8 D:/APP/STM32 CubeIDE/STM32 CUBEIDE/STM32CubeIDE_1.14.0/STM32CubeIDE/plugins/com.st.stm32cube.ide.mcu.externaltools.gnu-tools-for-stm32.11.3.rel1.win32_1.1.100.202309141235/tools/bin/../lib/gcc/arm-none-eabi/11.3.1/thumb/v7-m/nofp/crtn.o
                0x0000000008006930                . = ALIGN (0x4)
                0x0000000008006930                _etext = .

.vfp11_veneer   0x0000000008006930        0x0
 .vfp11_veneer  0x0000000008006930        0x0 linker stubs

.v4_bx          0x0000000008006930        0x0
 .v4_bx         0x0000000008006930        0x0 linker stubs

.iplt           0x0000000008006930        0x0
 .iplt          0x0000000008006930        0x0 D:/APP/STM32 CubeIDE/STM32 CUBEIDE/STM32CubeIDE_1.14.0/STM32CubeIDE/plugins/com.st.stm32cube.ide.mcu.externaltools.gnu-tools-for-stm32.11.3.rel1.win32_1.1.100.202309141235/tools/bin/../lib/gcc/arm-none-eabi/11.3.1/thumb/v7-m/nofp/crtbegin.o

.rodata         0x0000000008006930      0x2c8
                0x0000000008006930                . = ALIGN (0x4)
 *(.rodata)
 .rodata        0x0000000008006930       0x20 ./Core/Src/main.o
 *(.rodata*)
 .rodata.AHBPrescTable
                0x0000000008006950       0x10 ./Core/Src/system_stm32f1xx.o
                0x0000000008006950                AHBPrescTable
 .rodata.APBPrescTable
                0x0000000008006960        0x8 ./Core/Src/system_stm32f1xx.o
                0x0000000008006960                APBPrescTable
 .rodata.aPLLMULFactorTable.1
                0x0000000008006968       0x10 ./Drivers/STM32F1xx_HAL_Driver/Src/stm32f1xx_hal_rcc.o
 .rodata.aPredivFactorTable.0
                0x0000000008006978        0x2 ./Drivers/STM32F1xx_HAL_Driver/Src/stm32f1xx_hal_rcc.o
 .rodata._svfprintf_r.str1.1
                0x000000000800697a       0x11 D:/APP/STM32 CubeIDE/STM32 CUBEIDE/STM32CubeIDE_1.14.0/STM32CubeIDE/plugins/com.st.stm32cube.ide.mcu.externaltools.gnu-tools-for-stm32.11.3.rel1.win32_1.1.100.202309141235/tools/bin/../lib/gcc/arm-none-eabi/11.3.1/../../../../arm-none-eabi/lib/thumb/v7-m/nofp\libc_nano.a(libc_a-nano-svfprintf.o)
 .rodata._printf_i.str1.1
                0x000000000800698b       0x22 D:/APP/STM32 CubeIDE/STM32 CUBEIDE/STM32CubeIDE_1.14.0/STM32CubeIDE/plugins/com.st.stm32cube.ide.mcu.externaltools.gnu-tools-for-stm32.11.3.rel1.win32_1.1.100.202309141235/tools/bin/../lib/gcc/arm-none-eabi/11.3.1/../../../../arm-none-eabi/lib/thumb/v7-m/nofp\libc_nano.a(libc_a-nano-vfprintf_i.o)
 *fill*         0x00000000080069ad        0x3 
 .rodata.atanhi
                0x00000000080069b0       0x20 D:/APP/STM32 CubeIDE/STM32 CUBEIDE/STM32CubeIDE_1.14.0/STM32CubeIDE/plugins/com.st.stm32cube.ide.mcu.externaltools.gnu-tools-for-stm32.11.3.rel1.win32_1.1.100.202309141235/tools/bin/../lib/gcc/arm-none-eabi/11.3.1/../../../../arm-none-eabi/lib/thumb/v7-m/nofp\libm.a(libm_a-s_atan.o)
 .rodata.atanlo
                0x00000000080069d0       0x20 D:/APP/STM32 CubeIDE/STM32 CUBEIDE/STM32CubeIDE_1.14.0/STM32CubeIDE/plugins/com.st.stm32cube.ide.mcu.externaltools.gnu-tools-for-stm32.11.3.rel1.win32_1.1.100.202309141235/tools/bin/../lib/gcc/arm-none-eabi/11.3.1/../../../../arm-none-eabi/lib/thumb/v7-m/nofp\libm.a(libm_a-s_atan.o)
 .rodata.CSWTCH.8
                0x00000000080069f0       0x18 D:/APP/STM32 CubeIDE/STM32 CUBEIDE/STM32CubeIDE_1.14.0/STM32CubeIDE/plugins/com.st.stm32cube.ide.mcu.externaltools.gnu-tools-for-stm32.11.3.rel1.win32_1.1.100.202309141235/tools/bin/../lib/gcc/arm-none-eabi/11.3.1/../../../../arm-none-eabi/lib/thumb/v7-m/nofp\libm.a(libm_a-e_atan2.o)
 .rodata.CSWTCH.9
                0x0000000008006a08       0x18 D:/APP/STM32 CubeIDE/STM32 CUBEIDE/STM32CubeIDE_1.14.0/STM32CubeIDE/plugins/com.st.stm32cube.ide.mcu.externaltools.gnu-tools-for-stm32.11.3.rel1.win32_1.1.100.202309141235/tools/bin/../lib/gcc/arm-none-eabi/11.3.1/../../../../arm-none-eabi/lib/thumb/v7-m/nofp\libm.a(libm_a-e_atan2.o)
 .rodata.npio2_hw
                0x0000000008006a20       0x80 D:/APP/STM32 CubeIDE/STM32 CUBEIDE/STM32CubeIDE_1.14.0/STM32CubeIDE/plugins/com.st.stm32cube.ide.mcu.externaltools.gnu-tools-for-stm32.11.3.rel1.win32_1.1.100.202309141235/tools/bin/../lib/gcc/arm-none-eabi/11.3.1/../../../../arm-none-eabi/lib/thumb/v7-m/nofp\libm.a(libm_a-e_rem_pio2.o)
 .rodata.two_over_pi
                0x0000000008006aa0      0x108 D:/APP/STM32 CubeIDE/STM32 CUBEIDE/STM32CubeIDE_1.14.0/STM32CubeIDE/plugins/com.st.stm32cube.ide.mcu.externaltools.gnu-tools-for-stm32.11.3.rel1.win32_1.1.100.202309141235/tools/bin/../lib/gcc/arm-none-eabi/11.3.1/../../../../arm-none-eabi/lib/thumb/v7-m/nofp\libm.a(libm_a-e_rem_pio2.o)
 .rodata.PIo2   0x0000000008006ba8       0x40 D:/APP/STM32 CubeIDE/STM32 CUBEIDE/STM32CubeIDE_1.14.0/STM32CubeIDE/plugins/com.st.stm32cube.ide.mcu.externaltools.gnu-tools-for-stm32.11.3.rel1.win32_1.1.100.202309141235/tools/bin/../lib/gcc/arm-none-eabi/11.3.1/../../../../arm-none-eabi/lib/thumb/v7-m/nofp\libm.a(libm_a-k_rem_pio2.o)
 .rodata.init_jk
                0x0000000008006be8       0x10 D:/APP/STM32 CubeIDE/STM32 CUBEIDE/STM32CubeIDE_1.14.0/STM32CubeIDE/plugins/com.st.stm32cube.ide.mcu.externaltools.gnu-tools-for-stm32.11.3.rel1.win32_1.1.100.202309141235/tools/bin/../lib/gcc/arm-none-eabi/11.3.1/../../../../arm-none-eabi/lib/thumb/v7-m/nofp\libm.a(libm_a-k_rem_pio2.o)
                0x0000000008006bf8                . = ALIGN (0x4)

.rel.dyn        0x0000000008006bf8        0x0
 .rel.iplt      0x0000000008006bf8        0x0 D:/APP/STM32 CubeIDE/STM32 CUBEIDE/STM32CubeIDE_1.14.0/STM32CubeIDE/plugins/com.st.stm32cube.ide.mcu.externaltools.gnu-tools-for-stm32.11.3.rel1.win32_1.1.100.202309141235/tools/bin/../lib/gcc/arm-none-eabi/11.3.1/thumb/v7-m/nofp/crtbegin.o

.ARM.extab      0x0000000008006bf8        0x0
                0x0000000008006bf8                . = ALIGN (0x4)
 *(.ARM.extab* .gnu.linkonce.armextab.*)
                0x0000000008006bf8                . = ALIGN (0x4)

.ARM            0x0000000008006bf8        0x0
                0x0000000008006bf8                . = ALIGN (0x4)
                0x0000000008006bf8                __exidx_start = .
 *(.ARM.exidx*)
                0x0000000008006bf8                __exidx_end = .
                0x0000000008006bf8                . = ALIGN (0x4)

.preinit_array  0x0000000008006bf8        0x0
                0x0000000008006bf8                . = ALIGN (0x4)
                0x0000000008006bf8                PROVIDE (__preinit_array_start = .)
 *(.preinit_array*)
                0x0000000008006bf8                PROVIDE (__preinit_array_end = .)
                0x0000000008006bf8                . = ALIGN (0x4)

.init_array     0x0000000008006bf8        0x4
                0x0000000008006bf8                . = ALIGN (0x4)
                0x0000000008006bf8                PROVIDE (__init_array_start = .)
 *(SORT_BY_NAME(.init_array.*))
 *(.init_array*)
 .init_array    0x0000000008006bf8        0x4 D:/APP/STM32 CubeIDE/STM32 CUBEIDE/STM32CubeIDE_1.14.0/STM32CubeIDE/plugins/com.st.stm32cube.ide.mcu.externaltools.gnu-tools-for-stm32.11.3.rel1.win32_1.1.100.202309141235/tools/bin/../lib/gcc/arm-none-eabi/11.3.1/thumb/v7-m/nofp/crtbegin.o
                0x0000000008006bfc                PROVIDE (__init_array_end = .)
                0x0000000008006bfc                . = ALIGN (0x4)

.fini_array     0x0000000008006bfc        0x4
                0x0000000008006bfc                . = ALIGN (0x4)
                [!provide]                        PROVIDE (__fini_array_start = .)
 *(SORT_BY_NAME(.fini_array.*))
 *(.fini_array*)
 .fini_array    0x0000000008006bfc        0x4 D:/APP/STM32 CubeIDE/STM32 CUBEIDE/STM32CubeIDE_1.14.0/STM32CubeIDE/plugins/com.st.stm32cube.ide.mcu.externaltools.gnu-tools-for-stm32.11.3.rel1.win32_1.1.100.202309141235/tools/bin/../lib/gcc/arm-none-eabi/11.3.1/thumb/v7-m/nofp/crtbegin.o
                [!provide]                        PROVIDE (__fini_array_end = .)
                0x0000000008006c00                . = ALIGN (0x4)
                0x0000000008006c00                _sidata = LOADADDR (.data)

.data           0x0000000020000000      0x180 load address 0x0000000008006c00
                0x0000000020000000                . = ALIGN (0x4)
                0x0000000020000000                _sdata = .
 *(.data)
 *(.data*)
 .data.KalmanX  0x0000000020000000       0x48 ./Core/Src/IMU.o
                0x0000000020000000                KalmanX
 .data.KalmanY  0x0000000020000048       0x48 ./Core/Src/IMU.o
                0x0000000020000048                KalmanY
 .data.KalmanZ  0x0000000020000090       0x48 ./Core/Src/IMU.o
                0x0000000020000090                KalmanZ
 .data.mag_b    0x00000000200000d8        0xc ./Core/Src/IMU.o
                0x00000000200000d8                mag_b
 .data.mag_A    0x00000000200000e4       0x24 ./Core/Src/IMU.o
                0x00000000200000e4                mag_A
 .data.Mscale   0x0000000020000108        0x1 ./Core/Src/IMU.o
                0x0000000020000108                Mscale
 .data.Mmode    0x0000000020000109        0x1 ./Core/Src/IMU.o
                0x0000000020000109                Mmode
 *fill*         0x000000002000010a        0x2 
 .data.time_example
                0x000000002000010c        0x4 ./Core/Src/main.o
                0x000000002000010c                time_example
 .data.SystemCoreClock
                0x0000000020000110        0x4 ./Core/Src/system_stm32f1xx.o
                0x0000000020000110                SystemCoreClock
 .data.uwTickPrio
                0x0000000020000114        0x4 ./Drivers/STM32F1xx_HAL_Driver/Src/stm32f1xx_hal.o
                0x0000000020000114                uwTickPrio
 .data.uwTickFreq
                0x0000000020000118        0x1 ./Drivers/STM32F1xx_HAL_Driver/Src/stm32f1xx_hal.o
                0x0000000020000118                uwTickFreq
 *fill*         0x0000000020000119        0x3 
 .data._impure_data
                0x000000002000011c       0x4c D:/APP/STM32 CubeIDE/STM32 CUBEIDE/STM32CubeIDE_1.14.0/STM32CubeIDE/plugins/com.st.stm32cube.ide.mcu.externaltools.gnu-tools-for-stm32.11.3.rel1.win32_1.1.100.202309141235/tools/bin/../lib/gcc/arm-none-eabi/11.3.1/../../../../arm-none-eabi/lib/thumb/v7-m/nofp\libc_nano.a(libc_a-impure.o)
                0x000000002000011c                _impure_data
 .data._impure_ptr
                0x0000000020000168        0x4 D:/APP/STM32 CubeIDE/STM32 CUBEIDE/STM32CubeIDE_1.14.0/STM32CubeIDE/plugins/com.st.stm32cube.ide.mcu.externaltools.gnu-tools-for-stm32.11.3.rel1.win32_1.1.100.202309141235/tools/bin/../lib/gcc/arm-none-eabi/11.3.1/../../../../arm-none-eabi/lib/thumb/v7-m/nofp\libc_nano.a(libc_a-impure.o)
                0x0000000020000168                _impure_ptr
 *fill*         0x000000002000016c        0x4 
 .data.one      0x0000000020000170        0x8 D:/APP/STM32 CubeIDE/STM32 CUBEIDE/STM32CubeIDE_1.14.0/STM32CubeIDE/plugins/com.st.stm32cube.ide.mcu.externaltools.gnu-tools-for-stm32.11.3.rel1.win32_1.1.100.202309141235/tools/bin/../lib/gcc/arm-none-eabi/11.3.1/../../../../arm-none-eabi/lib/thumb/v7-m/nofp\libm.a(libm_a-e_sqrt.o)
 .data.tiny     0x0000000020000178        0x8 D:/APP/STM32 CubeIDE/STM32 CUBEIDE/STM32CubeIDE_1.14.0/STM32CubeIDE/plugins/com.st.stm32cube.ide.mcu.externaltools.gnu-tools-for-stm32.11.3.rel1.win32_1.1.100.202309141235/tools/bin/../lib/gcc/arm-none-eabi/11.3.1/../../../../arm-none-eabi/lib/thumb/v7-m/nofp\libm.a(libm_a-e_sqrt.o)
 *(.RamFunc)
 *(.RamFunc*)
                0x0000000020000180                . = ALIGN (0x4)
                0x0000000020000180                _edata = .

.igot.plt       0x0000000020000180        0x0 load address 0x0000000008006d80
 .igot.plt      0x0000000020000180        0x0 D:/APP/STM32 CubeIDE/STM32 CUBEIDE/STM32CubeIDE_1.14.0/STM32CubeIDE/plugins/com.st.stm32cube.ide.mcu.externaltools.gnu-tools-for-stm32.11.3.rel1.win32_1.1.100.202309141235/tools/bin/../lib/gcc/arm-none-eabi/11.3.1/thumb/v7-m/nofp/crtbegin.o
                0x0000000020000180                . = ALIGN (0x4)

.bss            0x0000000020000180      0x314 load address 0x0000000008006d80
                0x0000000020000180                _sbss = .
                0x0000000020000180                __bss_start__ = _sbss
 *(.bss)
 .bss           0x0000000020000180       0x1c D:/APP/STM32 CubeIDE/STM32 CUBEIDE/STM32CubeIDE_1.14.0/STM32CubeIDE/plugins/com.st.stm32cube.ide.mcu.externaltools.gnu-tools-for-stm32.11.3.rel1.win32_1.1.100.202309141235/tools/bin/../lib/gcc/arm-none-eabi/11.3.1/thumb/v7-m/nofp/crtbegin.o
 *(.bss*)
 .bss.timer     0x000000002000019c        0x4 ./Core/Src/IMU.o
                0x000000002000019c                timer
 .bss.aRes      0x00000000200001a0        0x4 ./Core/Src/IMU.o
                0x00000000200001a0                aRes
 .bss.gRes      0x00000000200001a4        0x4 ./Core/Src/IMU.o
                0x00000000200001a4                gRes
 .bss.mRes      0x00000000200001a8        0x4 ./Core/Src/IMU.o
                0x00000000200001a8                mRes
 .bss.Gscale    0x00000000200001ac        0x1 ./Core/Src/IMU.o
                0x00000000200001ac                Gscale
 .bss.Ascale    0x00000000200001ad        0x1 ./Core/Src/IMU.o
                0x00000000200001ad                Ascale
 *fill*         0x00000000200001ae        0x2 
 .bss.hi2c1     0x00000000200001b0       0x54 ./Core/Src/main.o
                0x00000000200001b0                hi2c1
 .bss.huart2    0x0000000020000204       0x48 ./Core/Src/main.o
                0x0000000020000204                huart2
 *fill*         0x000000002000024c        0x4 
 .bss.MPU6050   0x0000000020000250       0x80 ./Core/Src/main.o
                0x0000000020000250                MPU6050
 .bss.time_current
                0x00000000200002d0        0x4 ./Core/Src/main.o
                0x00000000200002d0                time_current
 .bss.data      0x00000000200002d4       0x64 ./Core/Src/main.o
                0x00000000200002d4                data
 .bss.datax     0x0000000020000338        0x4 ./Core/Src/main.o
                0x0000000020000338                datax
 .bss.datay     0x000000002000033c        0x4 ./Core/Src/main.o
                0x000000002000033c                datay
 .bss.dataz     0x0000000020000340        0x4 ./Core/Src/main.o
                0x0000000020000340                dataz
 .bss.__sbrk_heap_end
                0x0000000020000344        0x4 ./Core/Src/sysmem.o
 .bss.uwTick    0x0000000020000348        0x4 ./Drivers/STM32F1xx_HAL_Driver/Src/stm32f1xx_hal.o
                0x0000000020000348                uwTick
 .bss.__sf      0x000000002000034c      0x138 D:/APP/STM32 CubeIDE/STM32 CUBEIDE/STM32CubeIDE_1.14.0/STM32CubeIDE/plugins/com.st.stm32cube.ide.mcu.externaltools.gnu-tools-for-stm32.11.3.rel1.win32_1.1.100.202309141235/tools/bin/../lib/gcc/arm-none-eabi/11.3.1/../../../../arm-none-eabi/lib/thumb/v7-m/nofp\libc_nano.a(libc_a-findfp.o)
                0x000000002000034c                __sf
 .bss.errno     0x0000000020000484        0x4 D:/APP/STM32 CubeIDE/STM32 CUBEIDE/STM32CubeIDE_1.14.0/STM32CubeIDE/plugins/com.st.stm32cube.ide.mcu.externaltools.gnu-tools-for-stm32.11.3.rel1.win32_1.1.100.202309141235/tools/bin/../lib/gcc/arm-none-eabi/11.3.1/../../../../arm-none-eabi/lib/thumb/v7-m/nofp\libc_nano.a(libc_a-reent.o)
                0x0000000020000484                errno
 .bss.__lock___malloc_recursive_mutex
                0x0000000020000488        0x1 D:/APP/STM32 CubeIDE/STM32 CUBEIDE/STM32CubeIDE_1.14.0/STM32CubeIDE/plugins/com.st.stm32cube.ide.mcu.externaltools.gnu-tools-for-stm32.11.3.rel1.win32_1.1.100.202309141235/tools/bin/../lib/gcc/arm-none-eabi/11.3.1/../../../../arm-none-eabi/lib/thumb/v7-m/nofp\libc_nano.a(libc_a-lock.o)
                0x0000000020000488                __lock___malloc_recursive_mutex
 *fill*         0x0000000020000489        0x3 
 .bss.__malloc_free_list
                0x000000002000048c        0x4 D:/APP/STM32 CubeIDE/STM32 CUBEIDE/STM32CubeIDE_1.14.0/STM32CubeIDE/plugins/com.st.stm32cube.ide.mcu.externaltools.gnu-tools-for-stm32.11.3.rel1.win32_1.1.100.202309141235/tools/bin/../lib/gcc/arm-none-eabi/11.3.1/../../../../arm-none-eabi/lib/thumb/v7-m/nofp\libc_nano.a(libc_a-mallocr.o)
                0x000000002000048c                __malloc_free_list
 .bss.__malloc_sbrk_start
                0x0000000020000490        0x4 D:/APP/STM32 CubeIDE/STM32 CUBEIDE/STM32CubeIDE_1.14.0/STM32CubeIDE/plugins/com.st.stm32cube.ide.mcu.externaltools.gnu-tools-for-stm32.11.3.rel1.win32_1.1.100.202309141235/tools/bin/../lib/gcc/arm-none-eabi/11.3.1/../../../../arm-none-eabi/lib/thumb/v7-m/nofp\libc_nano.a(libc_a-mallocr.o)
                0x0000000020000490                __malloc_sbrk_start
 *(COMMON)
                0x0000000020000494                . = ALIGN (0x4)
                0x0000000020000494                _ebss = .
                0x0000000020000494                __bss_end__ = _ebss

._user_heap_stack
                0x0000000020000494      0x604 load address 0x0000000008006d80
                0x0000000020000498                . = ALIGN (0x8)
 *fill*         0x0000000020000494        0x4 
                [!provide]                        PROVIDE (end = .)
                0x0000000020000498                PROVIDE (_end = .)
                0x0000000020000698                . = (. + _Min_Heap_Size)
 *fill*         0x0000000020000498      0x200 
                0x0000000020000a98                . = (. + _Min_Stack_Size)
 *fill*         0x0000000020000698      0x400 
                0x0000000020000a98                . = ALIGN (0x8)

/DISCARD/
 libc.a(*)
 libm.a(*)
 libgcc.a(*)

.ARM.attributes
                0x0000000000000000       0x29
 *(.ARM.attributes)
 .ARM.attributes
                0x0000000000000000       0x1d D:/APP/STM32 CubeIDE/STM32 CUBEIDE/STM32CubeIDE_1.14.0/STM32CubeIDE/plugins/com.st.stm32cube.ide.mcu.externaltools.gnu-tools-for-stm32.11.3.rel1.win32_1.1.100.202309141235/tools/bin/../lib/gcc/arm-none-eabi/11.3.1/thumb/v7-m/nofp/crti.o
 .ARM.attributes
                0x000000000000001d       0x2d D:/APP/STM32 CubeIDE/STM32 CUBEIDE/STM32CubeIDE_1.14.0/STM32CubeIDE/plugins/com.st.stm32cube.ide.mcu.externaltools.gnu-tools-for-stm32.11.3.rel1.win32_1.1.100.202309141235/tools/bin/../lib/gcc/arm-none-eabi/11.3.1/thumb/v7-m/nofp/crtbegin.o
 .ARM.attributes
                0x000000000000004a       0x2d ./Core/Src/IMU.o
 .ARM.attributes
                0x0000000000000077       0x2d ./Core/Src/main.o
 .ARM.attributes
                0x00000000000000a4       0x2d ./Core/Src/stm32f1xx_hal_msp.o
 .ARM.attributes
                0x00000000000000d1       0x2d ./Core/Src/stm32f1xx_it.o
 .ARM.attributes
                0x00000000000000fe       0x2d ./Core/Src/sysmem.o
 .ARM.attributes
                0x000000000000012b       0x2d ./Core/Src/system_stm32f1xx.o
 .ARM.attributes
                0x0000000000000158       0x21 ./Core/Startup/startup_stm32f103c8tx.o
 .ARM.attributes
                0x0000000000000179       0x2d ./Drivers/STM32F1xx_HAL_Driver/Src/stm32f1xx_hal.o
 .ARM.attributes
                0x00000000000001a6       0x2d ./Drivers/STM32F1xx_HAL_Driver/Src/stm32f1xx_hal_cortex.o
 .ARM.attributes
                0x00000000000001d3       0x2d ./Drivers/STM32F1xx_HAL_Driver/Src/stm32f1xx_hal_gpio.o
 .ARM.attributes
                0x0000000000000200       0x2d ./Drivers/STM32F1xx_HAL_Driver/Src/stm32f1xx_hal_i2c.o
 .ARM.attributes
                0x000000000000022d       0x2d ./Drivers/STM32F1xx_HAL_Driver/Src/stm32f1xx_hal_rcc.o
 .ARM.attributes
                0x000000000000025a       0x2d ./Drivers/STM32F1xx_HAL_Driver/Src/stm32f1xx_hal_uart.o
 .ARM.attributes
                0x0000000000000287       0x2d D:/APP/STM32 CubeIDE/STM32 CUBEIDE/STM32CubeIDE_1.14.0/STM32CubeIDE/plugins/com.st.stm32cube.ide.mcu.externaltools.gnu-tools-for-stm32.11.3.rel1.win32_1.1.100.202309141235/tools/bin/../lib/gcc/arm-none-eabi/11.3.1/../../../../arm-none-eabi/lib/thumb/v7-m/nofp\libc_nano.a(libc_a-findfp.o)
 .ARM.attributes
                0x00000000000002b4       0x2d D:/APP/STM32 CubeIDE/STM32 CUBEIDE/STM32CubeIDE_1.14.0/STM32CubeIDE/plugins/com.st.stm32cube.ide.mcu.externaltools.gnu-tools-for-stm32.11.3.rel1.win32_1.1.100.202309141235/tools/bin/../lib/gcc/arm-none-eabi/11.3.1/../../../../arm-none-eabi/lib/thumb/v7-m/nofp\libc_nano.a(libc_a-sprintf.o)
 .ARM.attributes
                0x00000000000002e1       0x2d D:/APP/STM32 CubeIDE/STM32 CUBEIDE/STM32CubeIDE_1.14.0/STM32CubeIDE/plugins/com.st.stm32cube.ide.mcu.externaltools.gnu-tools-for-stm32.11.3.rel1.win32_1.1.100.202309141235/tools/bin/../lib/gcc/arm-none-eabi/11.3.1/../../../../arm-none-eabi/lib/thumb/v7-m/nofp\libc_nano.a(libc_a-memset.o)
 .ARM.attributes
                0x000000000000030e       0x2d D:/APP/STM32 CubeIDE/STM32 CUBEIDE/STM32CubeIDE_1.14.0/STM32CubeIDE/plugins/com.st.stm32cube.ide.mcu.externaltools.gnu-tools-for-stm32.11.3.rel1.win32_1.1.100.202309141235/tools/bin/../lib/gcc/arm-none-eabi/11.3.1/../../../../arm-none-eabi/lib/thumb/v7-m/nofp\libc_nano.a(libc_a-reent.o)
 .ARM.attributes
                0x000000000000033b       0x2d D:/APP/STM32 CubeIDE/STM32 CUBEIDE/STM32CubeIDE_1.14.0/STM32CubeIDE/plugins/com.st.stm32cube.ide.mcu.externaltools.gnu-tools-for-stm32.11.3.rel1.win32_1.1.100.202309141235/tools/bin/../lib/gcc/arm-none-eabi/11.3.1/../../../../arm-none-eabi/lib/thumb/v7-m/nofp\libc_nano.a(libc_a-impure.o)
 .ARM.attributes
                0x0000000000000368       0x2d D:/APP/STM32 CubeIDE/STM32 CUBEIDE/STM32CubeIDE_1.14.0/STM32CubeIDE/plugins/com.st.stm32cube.ide.mcu.externaltools.gnu-tools-for-stm32.11.3.rel1.win32_1.1.100.202309141235/tools/bin/../lib/gcc/arm-none-eabi/11.3.1/../../../../arm-none-eabi/lib/thumb/v7-m/nofp\libc_nano.a(libc_a-errno.o)
 .ARM.attributes
                0x0000000000000395       0x2d D:/APP/STM32 CubeIDE/STM32 CUBEIDE/STM32CubeIDE_1.14.0/STM32CubeIDE/plugins/com.st.stm32cube.ide.mcu.externaltools.gnu-tools-for-stm32.11.3.rel1.win32_1.1.100.202309141235/tools/bin/../lib/gcc/arm-none-eabi/11.3.1/../../../../arm-none-eabi/lib/thumb/v7-m/nofp\libc_nano.a(libc_a-init.o)
 .ARM.attributes
                0x00000000000003c2       0x2d D:/APP/STM32 CubeIDE/STM32 CUBEIDE/STM32CubeIDE_1.14.0/STM32CubeIDE/plugins/com.st.stm32cube.ide.mcu.externaltools.gnu-tools-for-stm32.11.3.rel1.win32_1.1.100.202309141235/tools/bin/../lib/gcc/arm-none-eabi/11.3.1/../../../../arm-none-eabi/lib/thumb/v7-m/nofp\libc_nano.a(libc_a-lock.o)
 .ARM.attributes
                0x00000000000003ef       0x17 D:/APP/STM32 CubeIDE/STM32 CUBEIDE/STM32CubeIDE_1.14.0/STM32CubeIDE/plugins/com.st.stm32cube.ide.mcu.externaltools.gnu-tools-for-stm32.11.3.rel1.win32_1.1.100.202309141235/tools/bin/../lib/gcc/arm-none-eabi/11.3.1/../../../../arm-none-eabi/lib/thumb/v7-m/nofp\libc_nano.a(libc_a-strlen.o)
 .ARM.attributes
                0x0000000000000406       0x2d D:/APP/STM32 CubeIDE/STM32 CUBEIDE/STM32CubeIDE_1.14.0/STM32CubeIDE/plugins/com.st.stm32cube.ide.mcu.externaltools.gnu-tools-for-stm32.11.3.rel1.win32_1.1.100.202309141235/tools/bin/../lib/gcc/arm-none-eabi/11.3.1/../../../../arm-none-eabi/lib/thumb/v7-m/nofp\libc_nano.a(libc_a-freer.o)
 .ARM.attributes
                0x0000000000000433       0x2d D:/APP/STM32 CubeIDE/STM32 CUBEIDE/STM32CubeIDE_1.14.0/STM32CubeIDE/plugins/com.st.stm32cube.ide.mcu.externaltools.gnu-tools-for-stm32.11.3.rel1.win32_1.1.100.202309141235/tools/bin/../lib/gcc/arm-none-eabi/11.3.1/../../../../arm-none-eabi/lib/thumb/v7-m/nofp\libc_nano.a(libc_a-mallocr.o)
 .ARM.attributes
                0x0000000000000460       0x2d D:/APP/STM32 CubeIDE/STM32 CUBEIDE/STM32CubeIDE_1.14.0/STM32CubeIDE/plugins/com.st.stm32cube.ide.mcu.externaltools.gnu-tools-for-stm32.11.3.rel1.win32_1.1.100.202309141235/tools/bin/../lib/gcc/arm-none-eabi/11.3.1/../../../../arm-none-eabi/lib/thumb/v7-m/nofp\libc_nano.a(libc_a-mlock.o)
 .ARM.attributes
                0x000000000000048d       0x2d D:/APP/STM32 CubeIDE/STM32 CUBEIDE/STM32CubeIDE_1.14.0/STM32CubeIDE/plugins/com.st.stm32cube.ide.mcu.externaltools.gnu-tools-for-stm32.11.3.rel1.win32_1.1.100.202309141235/tools/bin/../lib/gcc/arm-none-eabi/11.3.1/../../../../arm-none-eabi/lib/thumb/v7-m/nofp\libc_nano.a(libc_a-nano-svfprintf.o)
 .ARM.attributes
                0x00000000000004ba       0x2d D:/APP/STM32 CubeIDE/STM32 CUBEIDE/STM32CubeIDE_1.14.0/STM32CubeIDE/plugins/com.st.stm32cube.ide.mcu.externaltools.gnu-tools-for-stm32.11.3.rel1.win32_1.1.100.202309141235/tools/bin/../lib/gcc/arm-none-eabi/11.3.1/../../../../arm-none-eabi/lib/thumb/v7-m/nofp\libc_nano.a(libc_a-nano-vfprintf_i.o)
 .ARM.attributes
                0x00000000000004e7       0x2d D:/APP/STM32 CubeIDE/STM32 CUBEIDE/STM32CubeIDE_1.14.0/STM32CubeIDE/plugins/com.st.stm32cube.ide.mcu.externaltools.gnu-tools-for-stm32.11.3.rel1.win32_1.1.100.202309141235/tools/bin/../lib/gcc/arm-none-eabi/11.3.1/../../../../arm-none-eabi/lib/thumb/v7-m/nofp\libc_nano.a(libc_a-memmove.o)
 .ARM.attributes
                0x0000000000000514       0x2d D:/APP/STM32 CubeIDE/STM32 CUBEIDE/STM32CubeIDE_1.14.0/STM32CubeIDE/plugins/com.st.stm32cube.ide.mcu.externaltools.gnu-tools-for-stm32.11.3.rel1.win32_1.1.100.202309141235/tools/bin/../lib/gcc/arm-none-eabi/11.3.1/../../../../arm-none-eabi/lib/thumb/v7-m/nofp\libc_nano.a(libc_a-sbrkr.o)
 .ARM.attributes
                0x0000000000000541       0x2d D:/APP/STM32 CubeIDE/STM32 CUBEIDE/STM32CubeIDE_1.14.0/STM32CubeIDE/plugins/com.st.stm32cube.ide.mcu.externaltools.gnu-tools-for-stm32.11.3.rel1.win32_1.1.100.202309141235/tools/bin/../lib/gcc/arm-none-eabi/11.3.1/../../../../arm-none-eabi/lib/thumb/v7-m/nofp\libc_nano.a(libc_a-memchr-stub.o)
 .ARM.attributes
                0x000000000000056e       0x2d D:/APP/STM32 CubeIDE/STM32 CUBEIDE/STM32CubeIDE_1.14.0/STM32CubeIDE/plugins/com.st.stm32cube.ide.mcu.externaltools.gnu-tools-for-stm32.11.3.rel1.win32_1.1.100.202309141235/tools/bin/../lib/gcc/arm-none-eabi/11.3.1/../../../../arm-none-eabi/lib/thumb/v7-m/nofp\libc_nano.a(libc_a-memcpy-stub.o)
 .ARM.attributes
                0x000000000000059b       0x2d D:/APP/STM32 CubeIDE/STM32 CUBEIDE/STM32CubeIDE_1.14.0/STM32CubeIDE/plugins/com.st.stm32cube.ide.mcu.externaltools.gnu-tools-for-stm32.11.3.rel1.win32_1.1.100.202309141235/tools/bin/../lib/gcc/arm-none-eabi/11.3.1/../../../../arm-none-eabi/lib/thumb/v7-m/nofp\libc_nano.a(libc_a-reallocr.o)
 .ARM.attributes
                0x00000000000005c8       0x2d D:/APP/STM32 CubeIDE/STM32 CUBEIDE/STM32CubeIDE_1.14.0/STM32CubeIDE/plugins/com.st.stm32cube.ide.mcu.externaltools.gnu-tools-for-stm32.11.3.rel1.win32_1.1.100.202309141235/tools/bin/../lib/gcc/arm-none-eabi/11.3.1/../../../../arm-none-eabi/lib/thumb/v7-m/nofp\libc_nano.a(libc_a-msizer.o)
 .ARM.attributes
                0x00000000000005f5       0x2d D:/APP/STM32 CubeIDE/STM32 CUBEIDE/STM32CubeIDE_1.14.0/STM32CubeIDE/plugins/com.st.stm32cube.ide.mcu.externaltools.gnu-tools-for-stm32.11.3.rel1.win32_1.1.100.202309141235/tools/bin/../lib/gcc/arm-none-eabi/11.3.1/../../../../arm-none-eabi/lib/thumb/v7-m/nofp\libm.a(libm_a-w_atan2.o)
 .ARM.attributes
                0x0000000000000622       0x2d D:/APP/STM32 CubeIDE/STM32 CUBEIDE/STM32CubeIDE_1.14.0/STM32CubeIDE/plugins/com.st.stm32cube.ide.mcu.externaltools.gnu-tools-for-stm32.11.3.rel1.win32_1.1.100.202309141235/tools/bin/../lib/gcc/arm-none-eabi/11.3.1/../../../../arm-none-eabi/lib/thumb/v7-m/nofp\libm.a(libm_a-w_sqrt.o)
 .ARM.attributes
                0x000000000000064f       0x2d D:/APP/STM32 CubeIDE/STM32 CUBEIDE/STM32CubeIDE_1.14.0/STM32CubeIDE/plugins/com.st.stm32cube.ide.mcu.externaltools.gnu-tools-for-stm32.11.3.rel1.win32_1.1.100.202309141235/tools/bin/../lib/gcc/arm-none-eabi/11.3.1/../../../../arm-none-eabi/lib/thumb/v7-m/nofp\libm.a(libm_a-s_atan.o)
 .ARM.attributes
                0x000000000000067c       0x2d D:/APP/STM32 CubeIDE/STM32 CUBEIDE/STM32CubeIDE_1.14.0/STM32CubeIDE/plugins/com.st.stm32cube.ide.mcu.externaltools.gnu-tools-for-stm32.11.3.rel1.win32_1.1.100.202309141235/tools/bin/../lib/gcc/arm-none-eabi/11.3.1/../../../../arm-none-eabi/lib/thumb/v7-m/nofp\libm.a(libm_a-s_cos.o)
 .ARM.attributes
                0x00000000000006a9       0x2d D:/APP/STM32 CubeIDE/STM32 CUBEIDE/STM32CubeIDE_1.14.0/STM32CubeIDE/plugins/com.st.stm32cube.ide.mcu.externaltools.gnu-tools-for-stm32.11.3.rel1.win32_1.1.100.202309141235/tools/bin/../lib/gcc/arm-none-eabi/11.3.1/../../../../arm-none-eabi/lib/thumb/v7-m/nofp\libm.a(libm_a-s_fabs.o)
 .ARM.attributes
                0x00000000000006d6       0x2d D:/APP/STM32 CubeIDE/STM32 CUBEIDE/STM32CubeIDE_1.14.0/STM32CubeIDE/plugins/com.st.stm32cube.ide.mcu.externaltools.gnu-tools-for-stm32.11.3.rel1.win32_1.1.100.202309141235/tools/bin/../lib/gcc/arm-none-eabi/11.3.1/../../../../arm-none-eabi/lib/thumb/v7-m/nofp\libm.a(libm_a-s_sin.o)
 .ARM.attributes
                0x0000000000000703       0x2d D:/APP/STM32 CubeIDE/STM32 CUBEIDE/STM32CubeIDE_1.14.0/STM32CubeIDE/plugins/com.st.stm32cube.ide.mcu.externaltools.gnu-tools-for-stm32.11.3.rel1.win32_1.1.100.202309141235/tools/bin/../lib/gcc/arm-none-eabi/11.3.1/../../../../arm-none-eabi/lib/thumb/v7-m/nofp\libm.a(libm_a-e_sqrt.o)
 .ARM.attributes
                0x0000000000000730       0x2d D:/APP/STM32 CubeIDE/STM32 CUBEIDE/STM32CubeIDE_1.14.0/STM32CubeIDE/plugins/com.st.stm32cube.ide.mcu.externaltools.gnu-tools-for-stm32.11.3.rel1.win32_1.1.100.202309141235/tools/bin/../lib/gcc/arm-none-eabi/11.3.1/../../../../arm-none-eabi/lib/thumb/v7-m/nofp\libm.a(libm_a-k_cos.o)
 .ARM.attributes
                0x000000000000075d       0x2d D:/APP/STM32 CubeIDE/STM32 CUBEIDE/STM32CubeIDE_1.14.0/STM32CubeIDE/plugins/com.st.stm32cube.ide.mcu.externaltools.gnu-tools-for-stm32.11.3.rel1.win32_1.1.100.202309141235/tools/bin/../lib/gcc/arm-none-eabi/11.3.1/../../../../arm-none-eabi/lib/thumb/v7-m/nofp\libm.a(libm_a-k_sin.o)
 .ARM.attributes
                0x000000000000078a       0x2d D:/APP/STM32 CubeIDE/STM32 CUBEIDE/STM32CubeIDE_1.14.0/STM32CubeIDE/plugins/com.st.stm32cube.ide.mcu.externaltools.gnu-tools-for-stm32.11.3.rel1.win32_1.1.100.202309141235/tools/bin/../lib/gcc/arm-none-eabi/11.3.1/../../../../arm-none-eabi/lib/thumb/v7-m/nofp\libm.a(libm_a-e_atan2.o)
 .ARM.attributes
                0x00000000000007b7       0x2d D:/APP/STM32 CubeIDE/STM32 CUBEIDE/STM32CubeIDE_1.14.0/STM32CubeIDE/plugins/com.st.stm32cube.ide.mcu.externaltools.gnu-tools-for-stm32.11.3.rel1.win32_1.1.100.202309141235/tools/bin/../lib/gcc/arm-none-eabi/11.3.1/../../../../arm-none-eabi/lib/thumb/v7-m/nofp\libm.a(libm_a-e_rem_pio2.o)
 .ARM.attributes
                0x00000000000007e4       0x2d D:/APP/STM32 CubeIDE/STM32 CUBEIDE/STM32CubeIDE_1.14.0/STM32CubeIDE/plugins/com.st.stm32cube.ide.mcu.externaltools.gnu-tools-for-stm32.11.3.rel1.win32_1.1.100.202309141235/tools/bin/../lib/gcc/arm-none-eabi/11.3.1/../../../../arm-none-eabi/lib/thumb/v7-m/nofp\libm.a(libm_a-k_rem_pio2.o)
 .ARM.attributes
                0x0000000000000811       0x2d D:/APP/STM32 CubeIDE/STM32 CUBEIDE/STM32CubeIDE_1.14.0/STM32CubeIDE/plugins/com.st.stm32cube.ide.mcu.externaltools.gnu-tools-for-stm32.11.3.rel1.win32_1.1.100.202309141235/tools/bin/../lib/gcc/arm-none-eabi/11.3.1/../../../../arm-none-eabi/lib/thumb/v7-m/nofp\libm.a(libm_a-s_scalbn.o)
 .ARM.attributes
                0x000000000000083e       0x2d D:/APP/STM32 CubeIDE/STM32 CUBEIDE/STM32CubeIDE_1.14.0/STM32CubeIDE/plugins/com.st.stm32cube.ide.mcu.externaltools.gnu-tools-for-stm32.11.3.rel1.win32_1.1.100.202309141235/tools/bin/../lib/gcc/arm-none-eabi/11.3.1/../../../../arm-none-eabi/lib/thumb/v7-m/nofp\libm.a(libm_a-s_floor.o)
 .ARM.attributes
                0x000000000000086b       0x1d D:/APP/STM32 CubeIDE/STM32 CUBEIDE/STM32CubeIDE_1.14.0/STM32CubeIDE/plugins/com.st.stm32cube.ide.mcu.externaltools.gnu-tools-for-stm32.11.3.rel1.win32_1.1.100.202309141235/tools/bin/../lib/gcc/arm-none-eabi/11.3.1/thumb/v7-m/nofp\libgcc.a(_arm_addsubdf3.o)
 .ARM.attributes
                0x0000000000000888       0x1d D:/APP/STM32 CubeIDE/STM32 CUBEIDE/STM32CubeIDE_1.14.0/STM32CubeIDE/plugins/com.st.stm32cube.ide.mcu.externaltools.gnu-tools-for-stm32.11.3.rel1.win32_1.1.100.202309141235/tools/bin/../lib/gcc/arm-none-eabi/11.3.1/thumb/v7-m/nofp\libgcc.a(_arm_muldivdf3.o)
 .ARM.attributes
                0x00000000000008a5       0x1d D:/APP/STM32 CubeIDE/STM32 CUBEIDE/STM32CubeIDE_1.14.0/STM32CubeIDE/plugins/com.st.stm32cube.ide.mcu.externaltools.gnu-tools-for-stm32.11.3.rel1.win32_1.1.100.202309141235/tools/bin/../lib/gcc/arm-none-eabi/11.3.1/thumb/v7-m/nofp\libgcc.a(_arm_cmpdf2.o)
 .ARM.attributes
                0x00000000000008c2       0x1d D:/APP/STM32 CubeIDE/STM32 CUBEIDE/STM32CubeIDE_1.14.0/STM32CubeIDE/plugins/com.st.stm32cube.ide.mcu.externaltools.gnu-tools-for-stm32.11.3.rel1.win32_1.1.100.202309141235/tools/bin/../lib/gcc/arm-none-eabi/11.3.1/thumb/v7-m/nofp\libgcc.a(_arm_unorddf2.o)
 .ARM.attributes
                0x00000000000008df       0x1d D:/APP/STM32 CubeIDE/STM32 CUBEIDE/STM32CubeIDE_1.14.0/STM32CubeIDE/plugins/com.st.stm32cube.ide.mcu.externaltools.gnu-tools-for-stm32.11.3.rel1.win32_1.1.100.202309141235/tools/bin/../lib/gcc/arm-none-eabi/11.3.1/thumb/v7-m/nofp\libgcc.a(_arm_fixdfsi.o)
 .ARM.attributes
                0x00000000000008fc       0x1d D:/APP/STM32 CubeIDE/STM32 CUBEIDE/STM32CubeIDE_1.14.0/STM32CubeIDE/plugins/com.st.stm32cube.ide.mcu.externaltools.gnu-tools-for-stm32.11.3.rel1.win32_1.1.100.202309141235/tools/bin/../lib/gcc/arm-none-eabi/11.3.1/thumb/v7-m/nofp\libgcc.a(_arm_truncdfsf2.o)
 .ARM.attributes
                0x0000000000000919       0x1d D:/APP/STM32 CubeIDE/STM32 CUBEIDE/STM32CubeIDE_1.14.0/STM32CubeIDE/plugins/com.st.stm32cube.ide.mcu.externaltools.gnu-tools-for-stm32.11.3.rel1.win32_1.1.100.202309141235/tools/bin/../lib/gcc/arm-none-eabi/11.3.1/thumb/v7-m/nofp\libgcc.a(_arm_addsubsf3.o)
 .ARM.attributes
                0x0000000000000936       0x1d D:/APP/STM32 CubeIDE/STM32 CUBEIDE/STM32CubeIDE_1.14.0/STM32CubeIDE/plugins/com.st.stm32cube.ide.mcu.externaltools.gnu-tools-for-stm32.11.3.rel1.win32_1.1.100.202309141235/tools/bin/../lib/gcc/arm-none-eabi/11.3.1/thumb/v7-m/nofp\libgcc.a(_arm_muldivsf3.o)
 .ARM.attributes
                0x0000000000000953       0x1d D:/APP/STM32 CubeIDE/STM32 CUBEIDE/STM32CubeIDE_1.14.0/STM32CubeIDE/plugins/com.st.stm32cube.ide.mcu.externaltools.gnu-tools-for-stm32.11.3.rel1.win32_1.1.100.202309141235/tools/bin/../lib/gcc/arm-none-eabi/11.3.1/thumb/v7-m/nofp\libgcc.a(_arm_cmpsf2.o)
 .ARM.attributes
                0x0000000000000970       0x1d D:/APP/STM32 CubeIDE/STM32 CUBEIDE/STM32CubeIDE_1.14.0/STM32CubeIDE/plugins/com.st.stm32cube.ide.mcu.externaltools.gnu-tools-for-stm32.11.3.rel1.win32_1.1.100.202309141235/tools/bin/../lib/gcc/arm-none-eabi/11.3.1/thumb/v7-m/nofp/crtn.o
OUTPUT(BTL_DLCN.elf elf32-littlearm)
LOAD linker stubs
LOAD D:/APP/STM32 CubeIDE/STM32 CUBEIDE/STM32CubeIDE_1.14.0/STM32CubeIDE/plugins/com.st.stm32cube.ide.mcu.externaltools.gnu-tools-for-stm32.11.3.rel1.win32_1.1.100.202309141235/tools/bin/../lib/gcc/arm-none-eabi/11.3.1/../../../../arm-none-eabi/lib/thumb/v7-m/nofp\libc.a
LOAD D:/APP/STM32 CubeIDE/STM32 CUBEIDE/STM32CubeIDE_1.14.0/STM32CubeIDE/plugins/com.st.stm32cube.ide.mcu.externaltools.gnu-tools-for-stm32.11.3.rel1.win32_1.1.100.202309141235/tools/bin/../lib/gcc/arm-none-eabi/11.3.1/../../../../arm-none-eabi/lib/thumb/v7-m/nofp\libm.a
LOAD D:/APP/STM32 CubeIDE/STM32 CUBEIDE/STM32CubeIDE_1.14.0/STM32CubeIDE/plugins/com.st.stm32cube.ide.mcu.externaltools.gnu-tools-for-stm32.11.3.rel1.win32_1.1.100.202309141235/tools/bin/../lib/gcc/arm-none-eabi/11.3.1/thumb/v7-m/nofp\libgcc.a

.comment        0x0000000000000000       0x43
 .comment       0x0000000000000000       0x43 D:/APP/STM32 CubeIDE/STM32 CUBEIDE/STM32CubeIDE_1.14.0/STM32CubeIDE/plugins/com.st.stm32cube.ide.mcu.externaltools.gnu-tools-for-stm32.11.3.rel1.win32_1.1.100.202309141235/tools/bin/../lib/gcc/arm-none-eabi/11.3.1/thumb/v7-m/nofp/crtbegin.o
                                         0x44 (size before relaxing)
 .comment       0x0000000000000043       0x44 ./Core/Src/IMU.o
 .comment       0x0000000000000043       0x44 ./Core/Src/main.o
 .comment       0x0000000000000043       0x44 ./Core/Src/stm32f1xx_hal_msp.o
 .comment       0x0000000000000043       0x44 ./Core/Src/stm32f1xx_it.o
 .comment       0x0000000000000043       0x44 ./Core/Src/sysmem.o
 .comment       0x0000000000000043       0x44 ./Core/Src/system_stm32f1xx.o
 .comment       0x0000000000000043       0x44 ./Drivers/STM32F1xx_HAL_Driver/Src/stm32f1xx_hal.o
 .comment       0x0000000000000043       0x44 ./Drivers/STM32F1xx_HAL_Driver/Src/stm32f1xx_hal_cortex.o
 .comment       0x0000000000000043       0x44 ./Drivers/STM32F1xx_HAL_Driver/Src/stm32f1xx_hal_gpio.o
 .comment       0x0000000000000043       0x44 ./Drivers/STM32F1xx_HAL_Driver/Src/stm32f1xx_hal_i2c.o
 .comment       0x0000000000000043       0x44 ./Drivers/STM32F1xx_HAL_Driver/Src/stm32f1xx_hal_rcc.o
 .comment       0x0000000000000043       0x44 ./Drivers/STM32F1xx_HAL_Driver/Src/stm32f1xx_hal_uart.o

.debug_info     0x0000000000000000     0xa086
 .debug_info    0x0000000000000000      0xeb0 ./Core/Src/IMU.o
 .debug_info    0x0000000000000eb0      0xe3f ./Core/Src/main.o
 .debug_info    0x0000000000001cef      0xb0f ./Core/Src/stm32f1xx_hal_msp.o
 .debug_info    0x00000000000027fe      0x113 ./Core/Src/stm32f1xx_it.o
 .debug_info    0x0000000000002911      0x168 ./Core/Src/sysmem.o
 .debug_info    0x0000000000002a79      0x222 ./Core/Src/system_stm32f1xx.o
 .debug_info    0x0000000000002c9b       0x23 ./Core/Startup/startup_stm32f103c8tx.o
 .debug_info    0x0000000000002cbe      0x704 ./Drivers/STM32F1xx_HAL_Driver/Src/stm32f1xx_hal.o
 .debug_info    0x00000000000033c2      0xa87 ./Drivers/STM32F1xx_HAL_Driver/Src/stm32f1xx_hal_cortex.o
 .debug_info    0x0000000000003e49      0x5ab ./Drivers/STM32F1xx_HAL_Driver/Src/stm32f1xx_hal_gpio.o
 .debug_info    0x00000000000043f4     0x2515 ./Drivers/STM32F1xx_HAL_Driver/Src/stm32f1xx_hal_i2c.o
 .debug_info    0x0000000000006909      0x7d5 ./Drivers/STM32F1xx_HAL_Driver/Src/stm32f1xx_hal_rcc.o
 .debug_info    0x00000000000070de     0x2fa8 ./Drivers/STM32F1xx_HAL_Driver/Src/stm32f1xx_hal_uart.o

.debug_abbrev   0x0000000000000000     0x189b
 .debug_abbrev  0x0000000000000000      0x2c5 ./Core/Src/IMU.o
 .debug_abbrev  0x00000000000002c5      0x29a ./Core/Src/main.o
 .debug_abbrev  0x000000000000055f      0x1ab ./Core/Src/stm32f1xx_hal_msp.o
 .debug_abbrev  0x000000000000070a       0x73 ./Core/Src/stm32f1xx_it.o
 .debug_abbrev  0x000000000000077d       0xbc ./Core/Src/sysmem.o
 .debug_abbrev  0x0000000000000839      0x13f ./Core/Src/system_stm32f1xx.o
 .debug_abbrev  0x0000000000000978       0x12 ./Core/Startup/startup_stm32f103c8tx.o
 .debug_abbrev  0x000000000000098a      0x201 ./Drivers/STM32F1xx_HAL_Driver/Src/stm32f1xx_hal.o
 .debug_abbrev  0x0000000000000b8b      0x2f8 ./Drivers/STM32F1xx_HAL_Driver/Src/stm32f1xx_hal_cortex.o
 .debug_abbrev  0x0000000000000e83      0x1ca ./Drivers/STM32F1xx_HAL_Driver/Src/stm32f1xx_hal_gpio.o
 .debug_abbrev  0x000000000000104d      0x2a3 ./Drivers/STM32F1xx_HAL_Driver/Src/stm32f1xx_hal_i2c.o
 .debug_abbrev  0x00000000000012f0      0x2b3 ./Drivers/STM32F1xx_HAL_Driver/Src/stm32f1xx_hal_rcc.o
 .debug_abbrev  0x00000000000015a3      0x2f8 ./Drivers/STM32F1xx_HAL_Driver/Src/stm32f1xx_hal_uart.o

.debug_aranges  0x0000000000000000      0x948
 .debug_aranges
                0x0000000000000000       0x78 ./Core/Src/IMU.o
 .debug_aranges
                0x0000000000000078       0x48 ./Core/Src/main.o
 .debug_aranges
                0x00000000000000c0       0x40 ./Core/Src/stm32f1xx_hal_msp.o
 .debug_aranges
                0x0000000000000100       0x60 ./Core/Src/stm32f1xx_it.o
 .debug_aranges
                0x0000000000000160       0x20 ./Core/Src/sysmem.o
 .debug_aranges
                0x0000000000000180       0x28 ./Core/Src/system_stm32f1xx.o
 .debug_aranges
                0x00000000000001a8       0x28 ./Core/Startup/startup_stm32f103c8tx.o
 .debug_aranges
                0x00000000000001d0       0xe0 ./Drivers/STM32F1xx_HAL_Driver/Src/stm32f1xx_hal.o
 .debug_aranges
                0x00000000000002b0      0x100 ./Drivers/STM32F1xx_HAL_Driver/Src/stm32f1xx_hal_cortex.o
 .debug_aranges
                0x00000000000003b0       0x58 ./Drivers/STM32F1xx_HAL_Driver/Src/stm32f1xx_hal_gpio.o
 .debug_aranges
                0x0000000000000408      0x2a8 ./Drivers/STM32F1xx_HAL_Driver/Src/stm32f1xx_hal_i2c.o
 .debug_aranges
                0x00000000000006b0       0x90 ./Drivers/STM32F1xx_HAL_Driver/Src/stm32f1xx_hal_rcc.o
 .debug_aranges
                0x0000000000000740      0x208 ./Drivers/STM32F1xx_HAL_Driver/Src/stm32f1xx_hal_uart.o

.debug_rnglists
                0x0000000000000000      0x744
 .debug_rnglists
                0x0000000000000000       0x5c ./Core/Src/IMU.o
 .debug_rnglists
                0x000000000000005c       0x32 ./Core/Src/main.o
 .debug_rnglists
                0x000000000000008e       0x2c ./Core/Src/stm32f1xx_hal_msp.o
 .debug_rnglists
                0x00000000000000ba       0x43 ./Core/Src/stm32f1xx_it.o
 .debug_rnglists
                0x00000000000000fd       0x13 ./Core/Src/sysmem.o
 .debug_rnglists
                0x0000000000000110       0x1a ./Core/Src/system_stm32f1xx.o
 .debug_rnglists
                0x000000000000012a       0x19 ./Core/Startup/startup_stm32f103c8tx.o
 .debug_rnglists
                0x0000000000000143       0xa3 ./Drivers/STM32F1xx_HAL_Driver/Src/stm32f1xx_hal.o
 .debug_rnglists
                0x00000000000001e6       0xbb ./Drivers/STM32F1xx_HAL_Driver/Src/stm32f1xx_hal_cortex.o
 .debug_rnglists
                0x00000000000002a1       0x3f ./Drivers/STM32F1xx_HAL_Driver/Src/stm32f1xx_hal_gpio.o
 .debug_rnglists
                0x00000000000002e0      0x23c ./Drivers/STM32F1xx_HAL_Driver/Src/stm32f1xx_hal_i2c.o
 .debug_rnglists
                0x000000000000051c       0x6c ./Drivers/STM32F1xx_HAL_Driver/Src/stm32f1xx_hal_rcc.o
 .debug_rnglists
                0x0000000000000588      0x1bc ./Drivers/STM32F1xx_HAL_Driver/Src/stm32f1xx_hal_uart.o

.debug_macro    0x0000000000000000    0x17687
 .debug_macro   0x0000000000000000      0x32f ./Core/Src/IMU.o
 .debug_macro   0x000000000000032f      0xa9c ./Core/Src/IMU.o
 .debug_macro   0x0000000000000dcb       0x22 ./Core/Src/IMU.o
 .debug_macro   0x0000000000000ded       0x5b ./Core/Src/IMU.o
 .debug_macro   0x0000000000000e48       0x24 ./Core/Src/IMU.o
 .debug_macro   0x0000000000000e6c       0x94 ./Core/Src/IMU.o
 .debug_macro   0x0000000000000f00       0x43 ./Core/Src/IMU.o
 .debug_macro   0x0000000000000f43       0x34 ./Core/Src/IMU.o
 .debug_macro   0x0000000000000f77      0x174 ./Core/Src/IMU.o
 .debug_macro   0x00000000000010eb       0x16 ./Core/Src/IMU.o
 .debug_macro   0x0000000000001101       0x43 ./Core/Src/IMU.o
 .debug_macro   0x0000000000001144       0x57 ./Core/Src/IMU.o
 .debug_macro   0x000000000000119b       0x34 ./Core/Src/IMU.o
 .debug_macro   0x00000000000011cf       0x10 ./Core/Src/IMU.o
 .debug_macro   0x00000000000011df       0x58 ./Core/Src/IMU.o
 .debug_macro   0x0000000000001237       0x8e ./Core/Src/IMU.o
 .debug_macro   0x00000000000012c5       0x1c ./Core/Src/IMU.o
 .debug_macro   0x00000000000012e1      0x177 ./Core/Src/IMU.o
 .debug_macro   0x0000000000001458      0x369 ./Core/Src/IMU.o
 .debug_macro   0x00000000000017c1      0x19b ./Core/Src/IMU.o
 .debug_macro   0x000000000000195c      0x103 ./Core/Src/IMU.o
 .debug_macro   0x0000000000001a5f       0x6a ./Core/Src/IMU.o
 .debug_macro   0x0000000000001ac9      0x1df ./Core/Src/IMU.o
 .debug_macro   0x0000000000001ca8      0x21b ./Core/Src/IMU.o
 .debug_macro   0x0000000000001ec3       0x2e ./Core/Src/IMU.o
 .debug_macro   0x0000000000001ef1       0x22 ./Core/Src/IMU.o
 .debug_macro   0x0000000000001f13       0x1c ./Core/Src/IMU.o
 .debug_macro   0x0000000000001f2f       0x22 ./Core/Src/IMU.o
 .debug_macro   0x0000000000001f51       0xbd ./Core/Src/IMU.o
 .debug_macro   0x000000000000200e      0xd23 ./Core/Src/IMU.o
 .debug_macro   0x0000000000002d31     0xe09e ./Core/Src/IMU.o
 .debug_macro   0x0000000000010dcf       0x6d ./Core/Src/IMU.o
 .debug_macro   0x0000000000010e3c     0x348d ./Core/Src/IMU.o
 .debug_macro   0x00000000000142c9       0x56 ./Core/Src/IMU.o
 .debug_macro   0x000000000001431f      0x5bc ./Core/Src/IMU.o
 .debug_macro   0x00000000000148db      0x289 ./Core/Src/IMU.o
 .debug_macro   0x0000000000014b64      0x1cb ./Core/Src/IMU.o
 .debug_macro   0x0000000000014d2f      0x114 ./Core/Src/IMU.o
 .debug_macro   0x0000000000014e43      0x1b2 ./Core/Src/IMU.o
 .debug_macro   0x0000000000014ff5       0x27 ./Core/Src/IMU.o
 .debug_macro   0x000000000001501c      0x136 ./Core/Src/IMU.o
 .debug_macro   0x0000000000015152      0x1bc ./Core/Src/IMU.o
 .debug_macro   0x000000000001530e       0x34 ./Core/Src/IMU.o
 .debug_macro   0x0000000000015342       0x3c ./Core/Src/IMU.o
 .debug_macro   0x000000000001537e       0x57 ./Core/Src/IMU.o
 .debug_macro   0x00000000000153d5       0x87 ./Core/Src/IMU.o
 .debug_macro   0x000000000001545c      0x240 ./Core/Src/IMU.o
 .debug_macro   0x000000000001569c      0x287 ./Core/Src/IMU.o
 .debug_macro   0x0000000000015923      0x140 ./Core/Src/IMU.o
 .debug_macro   0x0000000000015a63      0x28e ./Core/Src/IMU.o
 .debug_macro   0x0000000000015cf1       0x83 ./Core/Src/IMU.o
 .debug_macro   0x0000000000015d74      0x2d2 ./Core/Src/main.o
 .debug_macro   0x0000000000016046       0x8e ./Core/Src/main.o
 .debug_macro   0x00000000000160d4       0x51 ./Core/Src/main.o
 .debug_macro   0x0000000000016125       0x5c ./Core/Src/main.o
 .debug_macro   0x0000000000016181       0x61 ./Core/Src/main.o
 .debug_macro   0x00000000000161e2       0x16 ./Core/Src/main.o
 .debug_macro   0x00000000000161f8       0x35 ./Core/Src/main.o
 .debug_macro   0x000000000001622d       0x10 ./Core/Src/main.o
 .debug_macro   0x000000000001623d       0x16 ./Core/Src/main.o
 .debug_macro   0x0000000000016253       0x16 ./Core/Src/main.o
 .debug_macro   0x0000000000016269      0x147 ./Core/Src/main.o
 .debug_macro   0x00000000000163b0       0x16 ./Core/Src/main.o
 .debug_macro   0x00000000000163c6       0x20 ./Core/Src/main.o
 .debug_macro   0x00000000000163e6      0x1a2 ./Core/Src/stm32f1xx_hal_msp.o
 .debug_macro   0x0000000000016588      0x1ac ./Core/Src/stm32f1xx_it.o
 .debug_macro   0x0000000000016734       0xff ./Core/Src/sysmem.o
 .debug_macro   0x0000000000016833      0x23c ./Core/Src/sysmem.o
 .debug_macro   0x0000000000016a6f      0x198 ./Core/Src/system_stm32f1xx.o
 .debug_macro   0x0000000000016c07      0x1bc ./Drivers/STM32F1xx_HAL_Driver/Src/stm32f1xx_hal.o
 .debug_macro   0x0000000000016dc3      0x198 ./Drivers/STM32F1xx_HAL_Driver/Src/stm32f1xx_hal_cortex.o
 .debug_macro   0x0000000000016f5b      0x203 ./Drivers/STM32F1xx_HAL_Driver/Src/stm32f1xx_hal_gpio.o
 .debug_macro   0x000000000001715e      0x1e6 ./Drivers/STM32F1xx_HAL_Driver/Src/stm32f1xx_hal_i2c.o
 .debug_macro   0x0000000000017344      0x1aa ./Drivers/STM32F1xx_HAL_Driver/Src/stm32f1xx_hal_rcc.o
 .debug_macro   0x00000000000174ee      0x199 ./Drivers/STM32F1xx_HAL_Driver/Src/stm32f1xx_hal_uart.o

.debug_line     0x0000000000000000     0xc582
 .debug_line    0x0000000000000000      0xf11 ./Core/Src/IMU.o
 .debug_line    0x0000000000000f11      0xa1f ./Core/Src/main.o
 .debug_line    0x0000000000001930      0x76d ./Core/Src/stm32f1xx_hal_msp.o
 .debug_line    0x000000000000209d      0x791 ./Core/Src/stm32f1xx_it.o
 .debug_line    0x000000000000282e      0x584 ./Core/Src/sysmem.o
 .debug_line    0x0000000000002db2      0x74d ./Core/Src/system_stm32f1xx.o
 .debug_line    0x00000000000034ff       0x78 ./Core/Startup/startup_stm32f103c8tx.o
 .debug_line    0x0000000000003577      0x97a ./Drivers/STM32F1xx_HAL_Driver/Src/stm32f1xx_hal.o
 .debug_line    0x0000000000003ef1      0xb62 ./Drivers/STM32F1xx_HAL_Driver/Src/stm32f1xx_hal_cortex.o
 .debug_line    0x0000000000004a53      0xa13 ./Drivers/STM32F1xx_HAL_Driver/Src/stm32f1xx_hal_gpio.o
 .debug_line    0x0000000000005466     0x3af1 ./Drivers/STM32F1xx_HAL_Driver/Src/stm32f1xx_hal_i2c.o
 .debug_line    0x0000000000008f57      0xd83 ./Drivers/STM32F1xx_HAL_Driver/Src/stm32f1xx_hal_rcc.o
 .debug_line    0x0000000000009cda     0x28a8 ./Drivers/STM32F1xx_HAL_Driver/Src/stm32f1xx_hal_uart.o

.debug_str      0x0000000000000000    0x8532d
 .debug_str     0x0000000000000000    0x82098 ./Core/Src/IMU.o
                                      0x82498 (size before relaxing)
 .debug_str     0x0000000000082098      0xb7a ./Core/Src/main.o
                                      0x8233f (size before relaxing)
 .debug_str     0x0000000000082c12      0x106 ./Core/Src/stm32f1xx_hal_msp.o
                                      0x7e895 (size before relaxing)
 .debug_str     0x0000000000082d18       0xc9 ./Core/Src/stm32f1xx_it.o
                                      0x7e18d (size before relaxing)
 .debug_str     0x0000000000082de1      0x4dc ./Core/Src/sysmem.o
                                       0x5ff9 (size before relaxing)
 .debug_str     0x00000000000832bd       0x7e ./Core/Src/system_stm32f1xx.o
                                      0x7e1a3 (size before relaxing)
 .debug_str     0x000000000008333b       0x34 ./Core/Startup/startup_stm32f103c8tx.o
                                         0x63 (size before relaxing)
 .debug_str     0x000000000008336f      0x605 ./Drivers/STM32F1xx_HAL_Driver/Src/stm32f1xx_hal.o
                                      0x7e8d6 (size before relaxing)
 .debug_str     0x0000000000083974      0x2bb ./Drivers/STM32F1xx_HAL_Driver/Src/stm32f1xx_hal_cortex.o
                                      0x7e822 (size before relaxing)
 .debug_str     0x0000000000083c2f      0x31d ./Drivers/STM32F1xx_HAL_Driver/Src/stm32f1xx_hal_gpio.o
                                      0x7e529 (size before relaxing)
 .debug_str     0x0000000000083f4c      0xbbd ./Drivers/STM32F1xx_HAL_Driver/Src/stm32f1xx_hal_i2c.o
                                      0x7f26a (size before relaxing)
 .debug_str     0x0000000000084b09      0x209 ./Drivers/STM32F1xx_HAL_Driver/Src/stm32f1xx_hal_rcc.o
                                      0x7e5d2 (size before relaxing)
 .debug_str     0x0000000000084d12      0x61b ./Drivers/STM32F1xx_HAL_Driver/Src/stm32f1xx_hal_uart.o
                                      0x7ec43 (size before relaxing)

.debug_frame    0x0000000000000000     0x31b8
 .debug_frame   0x0000000000000000      0x1e8 ./Core/Src/IMU.o
 .debug_frame   0x00000000000001e8       0xd0 ./Core/Src/main.o
 .debug_frame   0x00000000000002b8       0xc8 ./Core/Src/stm32f1xx_hal_msp.o
 .debug_frame   0x0000000000000380      0x104 ./Core/Src/stm32f1xx_it.o
 .debug_frame   0x0000000000000484       0x34 ./Core/Src/sysmem.o
 .debug_frame   0x00000000000004b8       0x58 ./Core/Src/system_stm32f1xx.o
 .debug_frame   0x0000000000000510      0x334 ./Drivers/STM32F1xx_HAL_Driver/Src/stm32f1xx_hal.o
 .debug_frame   0x0000000000000844      0x428 ./Drivers/STM32F1xx_HAL_Driver/Src/stm32f1xx_hal_cortex.o
 .debug_frame   0x0000000000000c6c      0x14c ./Drivers/STM32F1xx_HAL_Driver/Src/stm32f1xx_hal_gpio.o
 .debug_frame   0x0000000000000db8      0xc84 ./Drivers/STM32F1xx_HAL_Driver/Src/stm32f1xx_hal_i2c.o
 .debug_frame   0x0000000000001a3c      0x218 ./Drivers/STM32F1xx_HAL_Driver/Src/stm32f1xx_hal_rcc.o
 .debug_frame   0x0000000000001c54      0x944 ./Drivers/STM32F1xx_HAL_Driver/Src/stm32f1xx_hal_uart.o